###############################################################################
#
# IAR ELF Linker V9.30.1.335/W64 for ARM                  27/Nov/2022  15:58:52
# Copyright 2007-2022 IAR Systems AB.
#
#    Output file  =
#        C:\Users\Duy Du\Desktop\Code
#        DATN\CAN_Node2_SDS011_Ze08_Mq135\EWARM\CAN_Node2_SDS011_Ze08_Mq135\Exe\CAN_Node2_SDS011_Ze08_Mq135.out
#    Map file     =
#        C:\Users\Duy Du\Desktop\Code
#        DATN\CAN_Node2_SDS011_Ze08_Mq135\EWARM\CAN_Node2_SDS011_Ze08_Mq135\List\CAN_Node2_SDS011_Ze08_Mq135.map
#    Command line =
#        -f "C:\Users\Duy Du\Desktop\Code
#        DATN\CAN_Node2_SDS011_Ze08_Mq135\EWARM\CAN_Node2_SDS011_Ze08_Mq135\Exe\CAN_Node2_SDS011_Ze08_Mq135.out.rsp"
#        ("C:\Users\Duy Du\Desktop\Code
#        DATN\CAN_Node2_SDS011_Ze08_Mq135\EWARM\CAN_Node2_SDS011_Ze08_Mq135\Obj\Application\User\Core\main.o"
#        "C:\Users\Duy Du\Desktop\Code
#        DATN\CAN_Node2_SDS011_Ze08_Mq135\EWARM\CAN_Node2_SDS011_Ze08_Mq135\Obj\Application\User\Core\sds011.o"
#        "C:\Users\Duy Du\Desktop\Code
#        DATN\CAN_Node2_SDS011_Ze08_Mq135\EWARM\CAN_Node2_SDS011_Ze08_Mq135\Obj\Application\EWARM\startup_stm32f407xx.o"
#        "C:\Users\Duy Du\Desktop\Code
#        DATN\CAN_Node2_SDS011_Ze08_Mq135\EWARM\CAN_Node2_SDS011_Ze08_Mq135\Obj\Drivers\STM32F4xx_HAL_Driver\stm32f4xx_hal.o"
#        "C:\Users\Duy Du\Desktop\Code
#        DATN\CAN_Node2_SDS011_Ze08_Mq135\EWARM\CAN_Node2_SDS011_Ze08_Mq135\Obj\Drivers\STM32F4xx_HAL_Driver\stm32f4xx_hal_adc.o"
#        "C:\Users\Duy Du\Desktop\Code
#        DATN\CAN_Node2_SDS011_Ze08_Mq135\EWARM\CAN_Node2_SDS011_Ze08_Mq135\Obj\Drivers\STM32F4xx_HAL_Driver\stm32f4xx_hal_adc_ex.o"
#        "C:\Users\Duy Du\Desktop\Code
#        DATN\CAN_Node2_SDS011_Ze08_Mq135\EWARM\CAN_Node2_SDS011_Ze08_Mq135\Obj\Drivers\STM32F4xx_HAL_Driver\stm32f4xx_hal_can.o"
#        "C:\Users\Duy Du\Desktop\Code
#        DATN\CAN_Node2_SDS011_Ze08_Mq135\EWARM\CAN_Node2_SDS011_Ze08_Mq135\Obj\Drivers\STM32F4xx_HAL_Driver\stm32f4xx_hal_cortex.o"
#        "C:\Users\Duy Du\Desktop\Code
#        DATN\CAN_Node2_SDS011_Ze08_Mq135\EWARM\CAN_Node2_SDS011_Ze08_Mq135\Obj\Drivers\STM32F4xx_HAL_Driver\stm32f4xx_hal_dma.o"
#        "C:\Users\Duy Du\Desktop\Code
#        DATN\CAN_Node2_SDS011_Ze08_Mq135\EWARM\CAN_Node2_SDS011_Ze08_Mq135\Obj\Drivers\STM32F4xx_HAL_Driver\stm32f4xx_hal_dma_ex.o"
#        "C:\Users\Duy Du\Desktop\Code
#        DATN\CAN_Node2_SDS011_Ze08_Mq135\EWARM\CAN_Node2_SDS011_Ze08_Mq135\Obj\Drivers\STM32F4xx_HAL_Driver\stm32f4xx_hal_exti.o"
#        "C:\Users\Duy Du\Desktop\Code
#        DATN\CAN_Node2_SDS011_Ze08_Mq135\EWARM\CAN_Node2_SDS011_Ze08_Mq135\Obj\Drivers\STM32F4xx_HAL_Driver\stm32f4xx_hal_flash.o"
#        "C:\Users\Duy Du\Desktop\Code
#        DATN\CAN_Node2_SDS011_Ze08_Mq135\EWARM\CAN_Node2_SDS011_Ze08_Mq135\Obj\Drivers\STM32F4xx_HAL_Driver\stm32f4xx_hal_flash_ex.o"
#        "C:\Users\Duy Du\Desktop\Code
#        DATN\CAN_Node2_SDS011_Ze08_Mq135\EWARM\CAN_Node2_SDS011_Ze08_Mq135\Obj\Drivers\STM32F4xx_HAL_Driver\stm32f4xx_hal_flash_ramfunc.o"
#        "C:\Users\Duy Du\Desktop\Code
#        DATN\CAN_Node2_SDS011_Ze08_Mq135\EWARM\CAN_Node2_SDS011_Ze08_Mq135\Obj\Drivers\STM32F4xx_HAL_Driver\stm32f4xx_hal_gpio.o"
#        "C:\Users\Duy Du\Desktop\Code
#        DATN\CAN_Node2_SDS011_Ze08_Mq135\EWARM\CAN_Node2_SDS011_Ze08_Mq135\Obj\Application\User\Core\stm32f4xx_hal_msp.o"
#        "C:\Users\Duy Du\Desktop\Code
#        DATN\CAN_Node2_SDS011_Ze08_Mq135\EWARM\CAN_Node2_SDS011_Ze08_Mq135\Obj\Drivers\STM32F4xx_HAL_Driver\stm32f4xx_hal_pwr.o"
#        "C:\Users\Duy Du\Desktop\Code
#        DATN\CAN_Node2_SDS011_Ze08_Mq135\EWARM\CAN_Node2_SDS011_Ze08_Mq135\Obj\Drivers\STM32F4xx_HAL_Driver\stm32f4xx_hal_pwr_ex.o"
#        "C:\Users\Duy Du\Desktop\Code
#        DATN\CAN_Node2_SDS011_Ze08_Mq135\EWARM\CAN_Node2_SDS011_Ze08_Mq135\Obj\Drivers\STM32F4xx_HAL_Driver\stm32f4xx_hal_rcc.o"
#        "C:\Users\Duy Du\Desktop\Code
#        DATN\CAN_Node2_SDS011_Ze08_Mq135\EWARM\CAN_Node2_SDS011_Ze08_Mq135\Obj\Drivers\STM32F4xx_HAL_Driver\stm32f4xx_hal_rcc_ex.o"
#        "C:\Users\Duy Du\Desktop\Code
#        DATN\CAN_Node2_SDS011_Ze08_Mq135\EWARM\CAN_Node2_SDS011_Ze08_Mq135\Obj\Drivers\STM32F4xx_HAL_Driver\stm32f4xx_hal_tim.o"
#        "C:\Users\Duy Du\Desktop\Code
#        DATN\CAN_Node2_SDS011_Ze08_Mq135\EWARM\CAN_Node2_SDS011_Ze08_Mq135\Obj\Drivers\STM32F4xx_HAL_Driver\stm32f4xx_hal_tim_ex.o"
#        "C:\Users\Duy Du\Desktop\Code
#        DATN\CAN_Node2_SDS011_Ze08_Mq135\EWARM\CAN_Node2_SDS011_Ze08_Mq135\Obj\Drivers\STM32F4xx_HAL_Driver\stm32f4xx_hal_uart.o"
#        "C:\Users\Duy Du\Desktop\Code
#        DATN\CAN_Node2_SDS011_Ze08_Mq135\EWARM\CAN_Node2_SDS011_Ze08_Mq135\Obj\Application\User\Core\stm32f4xx_it.o"
#        "C:\Users\Duy Du\Desktop\Code
#        DATN\CAN_Node2_SDS011_Ze08_Mq135\EWARM\CAN_Node2_SDS011_Ze08_Mq135\Obj\Drivers\STM32F4xx_HAL_Driver\stm32f4xx_ll_adc.o"
#        "C:\Users\Duy Du\Desktop\Code
#        DATN\CAN_Node2_SDS011_Ze08_Mq135\EWARM\CAN_Node2_SDS011_Ze08_Mq135\Obj\Drivers\CMSIS\system_stm32f4xx.o"
#        --no_out_extension -o "C:\Users\Duy Du\Desktop\Code
#        DATN\CAN_Node2_SDS011_Ze08_Mq135\EWARM\CAN_Node2_SDS011_Ze08_Mq135\Exe\CAN_Node2_SDS011_Ze08_Mq135.out"
#        --redirect _Printf=_PrintfFullNoMb --redirect _Scanf=_ScanfFullNoMb
#        --map "C:\Users\Duy Du\Desktop\Code
#        DATN\CAN_Node2_SDS011_Ze08_Mq135\EWARM\CAN_Node2_SDS011_Ze08_Mq135\List\CAN_Node2_SDS011_Ze08_Mq135.map"
#        --config "C:\Users\Duy Du\Desktop\Code
#        DATN\CAN_Node2_SDS011_Ze08_Mq135\EWARM/stm32f407xx_flash.icf"
#        --semihosting --entry __iar_program_start --vfe --text_out locale
#        --cpu=Cortex-M4 --fpu=VFPv4_sp)
#
###############################################################################

*******************************************************************************
*** RUNTIME MODEL ATTRIBUTES
***

CppFlavor       = *
__CPP_Runtime   = 1
__SystemLibrary = DLib
__dlib_version  = 6


*******************************************************************************
*** HEAP SELECTION
***

The basic heap was selected because --advanced_heap
was not specified and the application did not appear to
be primarily optimized for speed.


*******************************************************************************
*** PLACEMENT SUMMARY
***

"A0":  place at address 0x800'0000 { ro section .intvec };
"P1":  place in [from 0x800'0000 to 0x80f'ffff] { ro };
define block CSTACK with size = 1K, alignment = 8 { };
define block HEAP with size = 512, alignment = 8 { };
"P2":  place in [from 0x2000'0000 to 0x2001'ffff] {
          rw, block CSTACK, block HEAP };
initialize by copy { rw };

  Section            Kind         Address    Size  Object
  -------            ----         -------    ----  ------
"A0":                                       0x188
  .intvec            ro code   0x800'0000   0x188  startup_stm32f407xx.o [1]
                             - 0x800'0188   0x188

"P1":                                      0x4be0
  .text              ro code   0x800'0188   0xeaa  xprintffull_nomb.o [5]
  .text              ro code   0x800'1032    0x2a  copy_init3.o [7]
  .text              ro code   0x800'105c    0x16  strchr.o [7]
  .text              ro code   0x800'1072     0xa  xsprout.o [5]
  .text              ro code   0x800'107c    0x40  xfail_s.o [5]
  .text              ro code   0x800'10bc    0x36  strlen.o [7]
  .rodata            const     0x800'10f2     0x2  xlocale_c.o [5]
  .text              ro code   0x800'10f4    0x58  memchr.o [7]
  .text              ro code   0x800'114c    0xa6  ABImemcpy.o [7]
  .rodata            const     0x800'11f2     0x1  xlocale_c.o [5]
  .text              ro code   0x800'11f4    0x70  frexp.o [6]
  .text              ro code   0x800'1264    0x34  DblCmpLe.o [6]
  .text              ro code   0x800'1298    0x34  DblCmpGe.o [6]
  .text              ro code   0x800'12cc   0x13a  ldexp.o [6]
  .text              ro code   0x800'1408    0x36  DblToS32.o [6]
  .text              ro code   0x800'1440    0x22  S32ToDbl.o [6]
  .text              ro code   0x800'1464   0x24e  DblAddSub.o [6]
  .text              ro code   0x800'16b4   0x246  DblDiv.o [6]
  .text              ro code   0x800'18fc    0x22  DblToU32.o [6]
  .text              ro code   0x800'1920    0x1c  U32ToDbl.o [6]
  .text              ro code   0x800'193c   0x1aa  DblMul.o [6]
  .text              ro code   0x800'1ae8     0x8  xlocale_c.o [5]
  .text              ro code   0x800'1af0   0x106  I64DivMod_small.o [7]
  .text              ro code   0x800'1bf6     0x6  abort.o [5]
  .text              ro code   0x800'1bfc     0x2  I64DivZer.o [7]
  .text              ro code   0x800'1c00    0x14  exit.o [8]
  .text              ro code   0x800'1c14   0x8a0  stm32f4xx_hal_uart.o [4]
  .text              ro code   0x800'24b4   0x308  stm32f4xx_hal_msp.o [2]
  .text              ro code   0x800'27bc     0xc  stm32f4xx_hal.o [4]
  .text              ro code   0x800'27c8     0x2  stm32f4xx_hal_uart.o [4]
  .text              ro code   0x800'27cc    0xd4  stm32f4xx_hal_dma.o [4]
  .text              ro code   0x800'28a0     0x2  stm32f4xx_hal_uart.o [4]
  .text              ro code   0x800'28a2     0x2  stm32f4xx_hal_uart.o [4]
  .text              ro code   0x800'28a4   0x782  main.o [2]
  .text              ro code   0x800'3028   0x174  stm32f4xx_hal_rcc.o [4]
  .text              ro code   0x800'319c   0x104  stm32f4xx_hal_cortex.o [4]
  .text              ro code   0x800'32a0   0x1e4  stm32f4xx_hal_gpio.o [4]
  .text              ro code   0x800'3484    0x14  memset.o [7]
  .text              ro code   0x800'3498    0x28  stm32f4xx_hal.o [4]
  .text              ro code   0x800'34c0   0x678  stm32f4xx_hal_can.o [4]
  .text              ro code   0x800'3b38   0x36c  stm32f4xx_hal_tim.o [4]
  .text              ro code   0x800'3ea4    0x34  stm32f4xx_hal.o [4]
  .text              ro code   0x800'3ed8    0x6a  sds011.o [2]
  .text              ro code   0x800'3f44    0x40  sprintf.o [5]
  .text              ro code   0x800'3f84   0x56c  stm32f4xx_hal_adc.o [4]
  .text              ro code   0x800'44f0   0x354  stm32f4xx_hal_rcc.o [4]
  .text              ro code   0x800'4844    0xa0  stm32f4xx_hal_tim_ex.o [4]
  .text              ro code   0x800'48e4    0x60  stm32f4xx_hal_rcc.o [4]
  .text              ro code   0x800'4944    0x48  stm32f4xx_hal.o [4]
  .text              ro code   0x800'498c    0x66  ABImemset.o [7]
  .text              ro code   0x800'49f2     0x2  stm32f4xx_hal_can.o [4]
  .text              ro code   0x800'49f4     0x2  stm32f4xx_hal_can.o [4]
  .text              ro code   0x800'49f6     0x2  stm32f4xx_hal_can.o [4]
  .text              ro code   0x800'49f8     0x2  stm32f4xx_hal_can.o [4]
  .text              ro code   0x800'49fa     0x2  stm32f4xx_hal_can.o [4]
  .text              ro code   0x800'49fc     0x2  stm32f4xx_hal_can.o [4]
  .text              ro code   0x800'49fe     0x2  stm32f4xx_hal_can.o [4]
  .text              ro code   0x800'4a00     0x2  stm32f4xx_hal_can.o [4]
  .text              ro code   0x800'4a02     0x2  stm32f4xx_hal_can.o [4]
  .text              ro code   0x800'4a04     0x2  stm32f4xx_hal_can.o [4]
  .text              ro code   0x800'4a06     0x2  stm32f4xx_hal_can.o [4]
  .text              ro code   0x800'4a08     0x2  stm32f4xx_hal_can.o [4]
  .text              ro code   0x800'4a0a     0x2  stm32f4xx_hal_tim.o [4]
  .text              ro code   0x800'4a0c     0x2  stm32f4xx_hal_tim.o [4]
  .text              ro code   0x800'4a0e     0x2  stm32f4xx_hal_tim_ex.o [4]
  .text              ro code   0x800'4a10     0x2  stm32f4xx_hal_tim.o [4]
  .text              ro code   0x800'4a12     0x2  stm32f4xx_hal_tim_ex.o [4]
  .text              ro code   0x800'4a14     0x2  stm32f4xx_hal_tim.o [4]
  .text              ro code   0x800'4a16     0x2  stm32f4xx_hal_adc.o [4]
  .text              ro code   0x800'4a18     0x2  stm32f4xx_hal_adc_ex.o [4]
  .text              ro code   0x800'4a1a     0x2  stm32f4xx_hal_adc.o [4]
  .text              ro code   0x800'4a1c     0x2  stm32f4xx_hal_adc.o [4]
  .text              ro code   0x800'4a20    0x5c  stm32f4xx_it.o [2]
  .text              ro code   0x800'4a7c    0x18  stm32f4xx_hal.o [4]
  Initializer bytes  const     0x800'4a94    0x5c  <for P2-1>
  .text              ro code   0x800'4af0    0x38  zero_init3.o [7]
  .text              ro code   0x800'4b28    0x28  data_init.o [7]
  .text              ro code   0x800'4b50    0x22  fpinit_M.o [6]
  .iar.init_table    const     0x800'4b74    0x24  - Linker created -
  .text              ro code   0x800'4b98    0x1e  cmain.o [7]
  .text              ro code   0x800'4bb6     0x4  low_level_init.o [5]
  .text              ro code   0x800'4bba     0x4  exit.o [5]
  .text              ro code   0x800'4bc0     0xa  cexit.o [7]
  .text              ro code   0x800'4bcc    0x1c  cstartup_M.o [7]
  .rodata            const     0x800'4be8    0x14  sds011.o [2]
  .rodata            const     0x800'4bfc    0x10  system_stm32f4xx.o [3]
  .text              ro code   0x800'4c0c    0x10  startup_stm32f407xx.o [1]
  .text              ro code   0x800'4c1c    0x10  system_stm32f4xx.o [3]
  .rodata            const     0x800'4c2c     0xc  main.o [2]
  .rodata            const     0x800'4c38     0x8  system_stm32f4xx.o [3]
  .text              ro code   0x800'4c40     0x4  startup_stm32f407xx.o [1]
  .text              ro code   0x800'4c44     0x4  startup_stm32f407xx.o [1]
  .text              ro code   0x800'4c48     0x4  startup_stm32f407xx.o [1]
  .text              ro code   0x800'4c4c     0x4  startup_stm32f407xx.o [1]
  .text              ro code   0x800'4c50     0x4  startup_stm32f407xx.o [1]
  .text              ro code   0x800'4c54     0x4  startup_stm32f407xx.o [1]
  .text              ro code   0x800'4c58     0x4  startup_stm32f407xx.o [1]
  .text              ro code   0x800'4c5c     0x4  startup_stm32f407xx.o [1]
  .text              ro code   0x800'4c60     0x4  startup_stm32f407xx.o [1]
  .text              ro code   0x800'4c64     0x4  startup_stm32f407xx.o [1]
  .text              ro code   0x800'4c68     0x4  startup_stm32f407xx.o [1]
  .text              ro code   0x800'4c6c     0x4  startup_stm32f407xx.o [1]
  .text              ro code   0x800'4c70     0x4  startup_stm32f407xx.o [1]
  .text              ro code   0x800'4c74     0x4  startup_stm32f407xx.o [1]
  .text              ro code   0x800'4c78     0x4  startup_stm32f407xx.o [1]
  .text              ro code   0x800'4c7c     0x4  startup_stm32f407xx.o [1]
  .text              ro code   0x800'4c80     0x4  startup_stm32f407xx.o [1]
  .text              ro code   0x800'4c84     0x4  startup_stm32f407xx.o [1]
  .text              ro code   0x800'4c88     0x4  startup_stm32f407xx.o [1]
  .text              ro code   0x800'4c8c     0x4  startup_stm32f407xx.o [1]
  .text              ro code   0x800'4c90     0x4  startup_stm32f407xx.o [1]
  .text              ro code   0x800'4c94     0x4  startup_stm32f407xx.o [1]
  .text              ro code   0x800'4c98     0x4  startup_stm32f407xx.o [1]
  .text              ro code   0x800'4c9c     0x4  startup_stm32f407xx.o [1]
  .text              ro code   0x800'4ca0     0x4  startup_stm32f407xx.o [1]
  .text              ro code   0x800'4ca4     0x4  startup_stm32f407xx.o [1]
  .text              ro code   0x800'4ca8     0x4  startup_stm32f407xx.o [1]
  .text              ro code   0x800'4cac     0x4  startup_stm32f407xx.o [1]
  .text              ro code   0x800'4cb0     0x4  startup_stm32f407xx.o [1]
  .text              ro code   0x800'4cb4     0x4  startup_stm32f407xx.o [1]
  .text              ro code   0x800'4cb8     0x4  startup_stm32f407xx.o [1]
  .text              ro code   0x800'4cbc     0x4  startup_stm32f407xx.o [1]
  .text              ro code   0x800'4cc0     0x4  startup_stm32f407xx.o [1]
  .text              ro code   0x800'4cc4     0x4  startup_stm32f407xx.o [1]
  .text              ro code   0x800'4cc8     0x4  startup_stm32f407xx.o [1]
  .text              ro code   0x800'4ccc     0x4  startup_stm32f407xx.o [1]
  .text              ro code   0x800'4cd0     0x4  startup_stm32f407xx.o [1]
  .text              ro code   0x800'4cd4     0x4  startup_stm32f407xx.o [1]
  .text              ro code   0x800'4cd8     0x4  startup_stm32f407xx.o [1]
  .text              ro code   0x800'4cdc     0x4  startup_stm32f407xx.o [1]
  .text              ro code   0x800'4ce0     0x4  startup_stm32f407xx.o [1]
  .text              ro code   0x800'4ce4     0x4  startup_stm32f407xx.o [1]
  .text              ro code   0x800'4ce8     0x4  startup_stm32f407xx.o [1]
  .text              ro code   0x800'4cec     0x4  startup_stm32f407xx.o [1]
  .text              ro code   0x800'4cf0     0x4  startup_stm32f407xx.o [1]
  .text              ro code   0x800'4cf4     0x4  startup_stm32f407xx.o [1]
  .text              ro code   0x800'4cf8     0x4  startup_stm32f407xx.o [1]
  .text              ro code   0x800'4cfc     0x4  startup_stm32f407xx.o [1]
  .text              ro code   0x800'4d00     0x4  startup_stm32f407xx.o [1]
  .text              ro code   0x800'4d04     0x4  startup_stm32f407xx.o [1]
  .text              ro code   0x800'4d08     0x4  startup_stm32f407xx.o [1]
  .text              ro code   0x800'4d0c     0x4  startup_stm32f407xx.o [1]
  .text              ro code   0x800'4d10     0x4  startup_stm32f407xx.o [1]
  .text              ro code   0x800'4d14     0x4  startup_stm32f407xx.o [1]
  .text              ro code   0x800'4d18     0x4  startup_stm32f407xx.o [1]
  .text              ro code   0x800'4d1c     0x4  startup_stm32f407xx.o [1]
  .text              ro code   0x800'4d20     0x4  startup_stm32f407xx.o [1]
  .text              ro code   0x800'4d24     0x4  startup_stm32f407xx.o [1]
  .text              ro code   0x800'4d28     0x4  startup_stm32f407xx.o [1]
  .text              ro code   0x800'4d2c     0x4  startup_stm32f407xx.o [1]
  .text              ro code   0x800'4d30     0x4  startup_stm32f407xx.o [1]
  .text              ro code   0x800'4d34     0x4  startup_stm32f407xx.o [1]
  .text              ro code   0x800'4d38     0x4  startup_stm32f407xx.o [1]
  .text              ro code   0x800'4d3c     0x4  startup_stm32f407xx.o [1]
  .text              ro code   0x800'4d40     0x4  startup_stm32f407xx.o [1]
  .text              ro code   0x800'4d44     0x4  startup_stm32f407xx.o [1]
  .text              ro code   0x800'4d48     0x4  startup_stm32f407xx.o [1]
  .text              ro code   0x800'4d4c     0x4  startup_stm32f407xx.o [1]
  .text              ro code   0x800'4d50     0x4  startup_stm32f407xx.o [1]
  .text              ro code   0x800'4d54     0x4  startup_stm32f407xx.o [1]
  .text              ro code   0x800'4d58     0x4  startup_stm32f407xx.o [1]
  .text              ro code   0x800'4d5c     0x4  startup_stm32f407xx.o [1]
  .text              ro code   0x800'4d60     0x4  startup_stm32f407xx.o [1]
  .text              ro code   0x800'4d64     0x4  startup_stm32f407xx.o [1]
  .rodata            const     0x800'4d68     0x0  zero_init3.o [7]
  .rodata            const     0x800'4d68     0x0  copy_init3.o [7]
                             - 0x800'4d68  0x4be0

"P2", part 1 of 3:                           0x5c
  P2-1                        0x2000'0000    0x59  <Init block>
    .data            inited   0x2000'0000     0x8  main.o [2]
    .data            inited   0x2000'0008     0x8  main.o [2]
    .data            inited   0x2000'0010     0x8  main.o [2]
    .data            inited   0x2000'0018     0x4  stm32f4xx_hal.o [4]
    .data            inited   0x2000'001c     0x4  system_stm32f4xx.o [3]
    .data            inited   0x2000'0020    0x38  xlocale_c.o [5]
    .data            inited   0x2000'0058     0x1  stm32f4xx_hal.o [4]
                            - 0x2000'0059    0x59

"P2", part 2 of 3:                          0x2a0
  .bss               zero     0x2000'005c    0x48  main.o [2]
  .bss               zero     0x2000'00a4    0x48  main.o [2]
  .bss               zero     0x2000'00ec    0x44  main.o [2]
  .bss               zero     0x2000'0130    0x44  main.o [2]
  .bss               zero     0x2000'0174    0x44  main.o [2]
  .bss               zero     0x2000'01b8    0x44  main.o [2]
  .bss               zero     0x2000'01fc    0x34  main.o [2]
  .bss               zero     0x2000'0230    0x28  main.o [2]
  .bss               zero     0x2000'0258    0x1c  main.o [2]
  .bss               zero     0x2000'0274    0x1c  main.o [2]
  .bss               zero     0x2000'0290    0x18  main.o [2]
  .bss               zero     0x2000'02a8     0xc  main.o [2]
  .bss               zero     0x2000'02b4     0x8  main.o [2]
  .bss               zero     0x2000'02bc     0x8  main.o [2]
  .bss               zero     0x2000'02c4     0x8  main.o [2]
  .bss               zero     0x2000'02cc     0x8  main.o [2]
  .bss               zero     0x2000'02d4     0x8  main.o [2]
  .bss               zero     0x2000'02dc     0x4  main.o [2]
  .bss               zero     0x2000'02e0     0x4  main.o [2]
  .bss               zero     0x2000'02e4     0x4  main.o [2]
  .bss               zero     0x2000'02e8     0x4  main.o [2]
  .bss               zero     0x2000'02ec     0x4  main.o [2]
  .bss               zero     0x2000'02f0     0x4  stm32f4xx_hal.o [4]
  .bss               zero     0x2000'02f4     0x4  xfail_s.o [5]
  .bss               zero     0x2000'02f8     0x2  main.o [2]
  .bss               zero     0x2000'02fa     0x1  main.o [2]
  .bss               zero     0x2000'02fb     0x1  main.o [2]
                            - 0x2000'02fc   0x2a0

"P2", part 3 of 3:                          0x400
  CSTACK                      0x2000'0300   0x400  <Block>
    CSTACK           uninit   0x2000'0300   0x400  <Block tail>
                            - 0x2000'0700   0x400

Unused ranges:

         From           To      Size
         ----           --      ----
   0x800'4d68   0x80f'ffff  0xf'b298
  0x2000'02fc  0x2000'02ff       0x4
  0x2000'0700  0x2001'ffff  0x1'f900


*******************************************************************************
*** INIT TABLE
***

          Address      Size
          -------      ----
Zero (__iar_zero_init3)
    1 destination range, total size 0x2a0:
          0x2000'005c  0x2a0

Copy (__iar_copy_init3)
    1 source range, total size 0x5c (103% of destination):
           0x800'4a94   0x5c
    1 destination range, total size 0x59:
          0x2000'0000   0x59



*******************************************************************************
*** MODULE SUMMARY
***

    Module                  ro code  ro data  rw data
    ------                  -------  -------  -------
command line/config:
    -------------------------------------------------
    Total:

C:\Users\Duy Du\Desktop\Code DATN\CAN_Node2_SDS011_Ze08_Mq135\EWARM\CAN_Node2_SDS011_Ze08_Mq135\Obj\Application\EWARM: [1]
    startup_stm32f407xx.o       704
    -------------------------------------------------
    Total:                      704

C:\Users\Duy Du\Desktop\Code DATN\CAN_Node2_SDS011_Ze08_Mq135\EWARM\CAN_Node2_SDS011_Ze08_Mq135\Obj\Application\User\Core: [2]
    main.o                    1'922       36      688
    sds011.o                    106       20
    stm32f4xx_hal_msp.o         776
    stm32f4xx_it.o               92
    -------------------------------------------------
    Total:                    2'896       56      688

C:\Users\Duy Du\Desktop\Code DATN\CAN_Node2_SDS011_Ze08_Mq135\EWARM\CAN_Node2_SDS011_Ze08_Mq135\Obj\Drivers\CMSIS: [3]
    system_stm32f4xx.o           16       28        4
    -------------------------------------------------
    Total:                       16       28        4

C:\Users\Duy Du\Desktop\Code DATN\CAN_Node2_SDS011_Ze08_Mq135\EWARM\CAN_Node2_SDS011_Ze08_Mq135\Obj\Drivers\STM32F4xx_HAL_Driver: [4]
    stm32f4xx_hal.o             200        5        9
    stm32f4xx_hal_adc.o       1'394
    stm32f4xx_hal_adc_ex.o        2
    stm32f4xx_hal_can.o       1'680
    stm32f4xx_hal_cortex.o      260
    stm32f4xx_hal_dma.o         212
    stm32f4xx_hal_gpio.o        484
    stm32f4xx_hal_rcc.o       1'320
    stm32f4xx_hal_tim.o         884
    stm32f4xx_hal_tim_ex.o      164
    stm32f4xx_hal_uart.o      2'214
    -------------------------------------------------
    Total:                    8'814        5        9

dl7M_tlf.a: [5]
    abort.o                       6
    exit.o                        4
    low_level_init.o              4
    sprintf.o                    64
    xfail_s.o                    64                 4
    xlocale_c.o                   8       59       56
    xprintffull_nomb.o        3'754
    xsprout.o                    10
    -------------------------------------------------
    Total:                    3'914       59       60

m7M_tls.a: [6]
    DblAddSub.o                 590
    DblCmpGe.o                   52
    DblCmpLe.o                   52
    DblDiv.o                    582
    DblMul.o                    426
    DblToS32.o                   54
    DblToU32.o                   34
    S32ToDbl.o                   34
    U32ToDbl.o                   28
    fpinit_M.o                   34
    frexp.o                     112
    ldexp.o                     314
    -------------------------------------------------
    Total:                    2'312

rt7M_tl.a: [7]
    ABImemcpy.o                 166
    ABImemset.o                 102
    I64DivMod_small.o           262
    I64DivZer.o                   2
    cexit.o                      10
    cmain.o                      30
    copy_init3.o                 42
    cstartup_M.o                 28
    data_init.o                  40
    memchr.o                     88
    memset.o                     20
    strchr.o                     22
    strlen.o                     54
    zero_init3.o                 56
    -------------------------------------------------
    Total:                      922

shb_l.a: [8]
    exit.o                       20
    -------------------------------------------------
    Total:                       20

    Gaps                         29        2
    Linker created                        39    1'024
-----------------------------------------------------
    Grand Total:             19'627      189    1'785


*******************************************************************************
*** ENTRY LIST
***

Entry                       Address   Size  Type      Object
-----                       -------   ----  ----      ------
.iar.init_table$$Base    0x800'4b74          --   Gb  - Linker created -
.iar.init_table$$Limit   0x800'4b98          --   Gb  - Linker created -
?main                    0x800'4b99         Code  Gb  cmain.o [7]
ADC_IRQHandler           0x800'4a35    0x6  Code  Gb  stm32f4xx_it.o [2]
ADC_Init                 0x800'4387  0x144  Code  Lc  stm32f4xx_hal_adc.o [4]
AHBPrescTable            0x800'4bfc   0x10  Data  Gb  system_stm32f4xx.o [3]
APBPrescTable            0x800'4c38    0x8  Data  Gb  system_stm32f4xx.o [3]
BusFault_Handler         0x800'4a27    0x2  Code  Gb  stm32f4xx_it.o [2]
CAN1_RX0_IRQHandler      0x800'4a59    0x6  Code  Gb  stm32f4xx_it.o [2]
CAN1_RX1_IRQHandler      0x800'4c8d         Code  Wk  startup_stm32f407xx.o [1]
CAN1_SCE_IRQHandler      0x800'4c91         Code  Wk  startup_stm32f407xx.o [1]
CAN1_TX_IRQHandler       0x800'4c89         Code  Wk  startup_stm32f407xx.o [1]
CAN2_RX0_IRQHandler      0x800'4d29         Code  Wk  startup_stm32f407xx.o [1]
CAN2_RX1_IRQHandler      0x800'4d2d         Code  Wk  startup_stm32f407xx.o [1]
CAN2_SCE_IRQHandler      0x800'4d31         Code  Wk  startup_stm32f407xx.o [1]
CAN2_TX_IRQHandler       0x800'4d25         Code  Wk  startup_stm32f407xx.o [1]
CAN_Filter_Config        0x800'2df9   0x3a  Code  Gb  main.o [2]
CSTACK$$Base            0x2000'0300          --   Gb  - Linker created -
CSTACK$$Limit           0x2000'0700          --   Gb  - Linker created -
Command_Case1           0x2000'0000    0x8  Data  Gb  main.o [2]
Command_Case2           0x2000'0008    0x8  Data  Gb  main.o [2]
Command_Case3           0x2000'0010    0x8  Data  Gb  main.o [2]
DCMI_IRQHandler          0x800'4d5d         Code  Wk  startup_stm32f407xx.o [1]
DMA1_Stream0_IRQHandler
                         0x800'4c6d         Code  Wk  startup_stm32f407xx.o [1]
DMA1_Stream1_IRQHandler
                         0x800'4c71         Code  Wk  startup_stm32f407xx.o [1]
DMA1_Stream2_IRQHandler
                         0x800'4c75         Code  Wk  startup_stm32f407xx.o [1]
DMA1_Stream3_IRQHandler
                         0x800'4c79         Code  Wk  startup_stm32f407xx.o [1]
DMA1_Stream4_IRQHandler
                         0x800'4c7d         Code  Wk  startup_stm32f407xx.o [1]
DMA1_Stream5_IRQHandler
                         0x800'4c81         Code  Wk  startup_stm32f407xx.o [1]
DMA1_Stream6_IRQHandler
                         0x800'4c85         Code  Wk  startup_stm32f407xx.o [1]
DMA1_Stream7_IRQHandler
                         0x800'4ce9         Code  Wk  startup_stm32f407xx.o [1]
DMA2_Stream0_IRQHandler
                         0x800'4d09         Code  Wk  startup_stm32f407xx.o [1]
DMA2_Stream1_IRQHandler
                         0x800'4d0d         Code  Wk  startup_stm32f407xx.o [1]
DMA2_Stream2_IRQHandler
                         0x800'4d11         Code  Wk  startup_stm32f407xx.o [1]
DMA2_Stream3_IRQHandler
                         0x800'4d15         Code  Wk  startup_stm32f407xx.o [1]
DMA2_Stream4_IRQHandler
                         0x800'4d19         Code  Wk  startup_stm32f407xx.o [1]
DMA2_Stream5_IRQHandler
                         0x800'4d39         Code  Wk  startup_stm32f407xx.o [1]
DMA2_Stream6_IRQHandler
                         0x800'4d3d         Code  Wk  startup_stm32f407xx.o [1]
DMA2_Stream7_IRQHandler
                         0x800'4d41         Code  Wk  startup_stm32f407xx.o [1]
DebugMon_Handler         0x800'4a2d    0x2  Code  Gb  stm32f4xx_it.o [2]
ETH_IRQHandler           0x800'4d1d         Code  Wk  startup_stm32f407xx.o [1]
ETH_WKUP_IRQHandler      0x800'4d21         Code  Wk  startup_stm32f407xx.o [1]
EXTI0_IRQHandler         0x800'4c59         Code  Wk  startup_stm32f407xx.o [1]
EXTI15_10_IRQHandler     0x800'4ccd         Code  Wk  startup_stm32f407xx.o [1]
EXTI1_IRQHandler         0x800'4c5d         Code  Wk  startup_stm32f407xx.o [1]
EXTI2_IRQHandler         0x800'4c61         Code  Wk  startup_stm32f407xx.o [1]
EXTI3_IRQHandler         0x800'4c65         Code  Wk  startup_stm32f407xx.o [1]
EXTI4_IRQHandler         0x800'4c69         Code  Wk  startup_stm32f407xx.o [1]
EXTI9_5_IRQHandler       0x800'4c95         Code  Wk  startup_stm32f407xx.o [1]
Error_Handler            0x800'3023    0x4  Code  Gb  main.o [2]
FLASH_IRQHandler         0x800'4c51         Code  Wk  startup_stm32f407xx.o [1]
FPU_IRQHandler           0x800'4d65         Code  Wk  startup_stm32f407xx.o [1]
FSMC_IRQHandler          0x800'4ced         Code  Wk  startup_stm32f407xx.o [1]
Flag                    0x2000'02fb    0x1  Data  Gb  main.o [2]
HAL_ADCEx_InjectedConvCpltCallback
                         0x800'4a19    0x2  Code  Wk  stm32f4xx_hal_adc_ex.o [4]
HAL_ADC_ConfigChannel    0x800'4231  0x132  Code  Gb  stm32f4xx_hal_adc.o [4]
HAL_ADC_ConvCpltCallback
                         0x800'4a17    0x2  Code  Wk  stm32f4xx_hal_adc.o [4]
HAL_ADC_ErrorCallback    0x800'4a1d    0x2  Code  Wk  stm32f4xx_hal_adc.o [4]
HAL_ADC_GetValue         0x800'422b    0x6  Code  Gb  stm32f4xx_hal_adc.o [4]
HAL_ADC_IRQHandler       0x800'40f3  0x122  Code  Gb  stm32f4xx_hal_adc.o [4]
HAL_ADC_Init             0x800'3f85   0x52  Code  Gb  stm32f4xx_hal_adc.o [4]
HAL_ADC_LevelOutOfWindowCallback
                         0x800'4a1b    0x2  Code  Wk  stm32f4xx_hal_adc.o [4]
HAL_ADC_MspInit          0x800'24f3   0x62  Code  Gb  stm32f4xx_hal_msp.o [2]
HAL_ADC_Start            0x800'3fd7  0x11c  Code  Gb  stm32f4xx_hal_adc.o [4]
HAL_CAN_ActivateNotification
                         0x800'391d   0x16  Code  Gb  stm32f4xx_hal_can.o [4]
HAL_CAN_AddTxMessage     0x800'372d   0xdc  Code  Gb  stm32f4xx_hal_can.o [4]
HAL_CAN_ConfigFilter     0x800'35b7   0xc0  Code  Gb  stm32f4xx_hal_can.o [4]
HAL_CAN_ErrorCallback    0x800'4a09    0x2  Code  Wk  stm32f4xx_hal_can.o [4]
HAL_CAN_GetRxMessage     0x800'381f   0xce  Code  Gb  stm32f4xx_hal_can.o [4]
HAL_CAN_IRQHandler       0x800'393b  0x1fe  Code  Gb  stm32f4xx_hal_can.o [4]
HAL_CAN_Init             0x800'34c1   0xe4  Code  Gb  stm32f4xx_hal_can.o [4]
HAL_CAN_MspInit          0x800'2555   0x5e  Code  Gb  stm32f4xx_hal_msp.o [2]
HAL_CAN_RxFifo0FullCallback
                         0x800'49ff    0x2  Code  Wk  stm32f4xx_hal_can.o [4]
HAL_CAN_RxFifo0MsgPendingCallback
                         0x800'298b   0x84  Code  Gb  main.o [2]
HAL_CAN_RxFifo1FullCallback
                         0x800'4a01    0x2  Code  Wk  stm32f4xx_hal_can.o [4]
HAL_CAN_RxFifo1MsgPendingCallback
                         0x800'4a03    0x2  Code  Wk  stm32f4xx_hal_can.o [4]
HAL_CAN_SleepCallback    0x800'4a05    0x2  Code  Wk  stm32f4xx_hal_can.o [4]
HAL_CAN_Start            0x800'3697   0x4e  Code  Gb  stm32f4xx_hal_can.o [4]
HAL_CAN_TxMailbox0AbortCallback
                         0x800'49f5    0x2  Code  Wk  stm32f4xx_hal_can.o [4]
HAL_CAN_TxMailbox0CompleteCallback
                         0x800'49f3    0x2  Code  Wk  stm32f4xx_hal_can.o [4]
HAL_CAN_TxMailbox1AbortCallback
                         0x800'49f9    0x2  Code  Wk  stm32f4xx_hal_can.o [4]
HAL_CAN_TxMailbox1CompleteCallback
                         0x800'49f7    0x2  Code  Wk  stm32f4xx_hal_can.o [4]
HAL_CAN_TxMailbox2AbortCallback
                         0x800'49fd    0x2  Code  Wk  stm32f4xx_hal_can.o [4]
HAL_CAN_TxMailbox2CompleteCallback
                         0x800'49fb    0x2  Code  Wk  stm32f4xx_hal_can.o [4]
HAL_CAN_WakeUpFromRxMsgCallback
                         0x800'4a07    0x2  Code  Wk  stm32f4xx_hal_can.o [4]
HAL_DMA_Abort            0x800'27cd   0x68  Code  Gb  stm32f4xx_hal_dma.o [4]
HAL_DMA_Abort_IT         0x800'2851   0x26  Code  Gb  stm32f4xx_hal_dma.o [4]
HAL_Delay                0x800'3499   0x28  Code  Wk  stm32f4xx_hal.o [4]
HAL_GPIO_Init            0x800'32a1  0x18c  Code  Gb  stm32f4xx_hal_gpio.o [4]
HAL_GPIO_TogglePin       0x800'343d   0x10  Code  Gb  stm32f4xx_hal_gpio.o [4]
HAL_GPIO_WritePin        0x800'3435    0x8  Code  Gb  stm32f4xx_hal_gpio.o [4]
HAL_GetTick              0x800'27bd    0xc  Code  Wk  stm32f4xx_hal.o [4]
HAL_IncTick              0x800'4a7d   0x18  Code  Wk  stm32f4xx_hal.o [4]
HAL_Init                 0x800'3ea5   0x30  Code  Gb  stm32f4xx_hal.o [4]
HAL_InitTick             0x800'4945   0x48  Code  Wk  stm32f4xx_hal.o [4]
HAL_MspInit              0x800'24b5   0x3e  Code  Gb  stm32f4xx_hal_msp.o [2]
HAL_NVIC_EnableIRQ       0x800'327b    0x2  Code  Gb  stm32f4xx_hal_cortex.o [4]
HAL_NVIC_SetPriority     0x800'325d   0x1e  Code  Gb  stm32f4xx_hal_cortex.o [4]
HAL_NVIC_SetPriorityGrouping
                         0x800'325b    0x2  Code  Gb  stm32f4xx_hal_cortex.o [4]
HAL_RCC_ClockConfig      0x800'3029  0x112  Code  Gb  stm32f4xx_hal_rcc.o [4]
HAL_RCC_GetHCLKFreq      0x800'314d    0x6  Code  Gb  stm32f4xx_hal_rcc.o [4]
HAL_RCC_GetPCLK1Freq     0x800'3153   0x10  Code  Gb  stm32f4xx_hal_rcc.o [4]
HAL_RCC_GetPCLK2Freq     0x800'3163    0xe  Code  Gb  stm32f4xx_hal_rcc.o [4]
HAL_RCC_GetSysClockFreq
                         0x800'48e5   0x60  Code  Wk  stm32f4xx_hal_rcc.o [4]
HAL_RCC_OscConfig        0x800'44f1  0x354  Code  Wk  stm32f4xx_hal_rcc.o [4]
HAL_SYSTICK_Config       0x800'327d    0x2  Code  Gb  stm32f4xx_hal_cortex.o [4]
HAL_TIMEx_BreakCallback
                         0x800'4a0f    0x2  Code  Wk  stm32f4xx_hal_tim_ex.o [4]
HAL_TIMEx_CommutCallback
                         0x800'4a13    0x2  Code  Wk  stm32f4xx_hal_tim_ex.o [4]
HAL_TIMEx_MasterConfigSynchronization
                         0x800'4853   0x72  Code  Gb  stm32f4xx_hal_tim_ex.o [4]
HAL_TIM_Base_Init        0x800'3b39   0x1a  Code  Gb  stm32f4xx_hal_tim.o [4]
HAL_TIM_Base_MspInit     0x800'25cd   0x2c  Code  Gb  stm32f4xx_hal_msp.o [2]
HAL_TIM_Base_Start_IT    0x800'3b53   0x78  Code  Gb  stm32f4xx_hal_tim.o [4]
HAL_TIM_Base_Stop_IT     0x800'3bcb   0x22  Code  Gb  stm32f4xx_hal_tim.o [4]
HAL_TIM_IC_CaptureCallback
                         0x800'4a0b    0x2  Code  Wk  stm32f4xx_hal_tim.o [4]
HAL_TIM_IRQHandler       0x800'3c65  0x162  Code  Gb  stm32f4xx_hal_tim.o [4]
HAL_TIM_OC_DelayElapsedCallback
                         0x800'4a0d    0x2  Code  Wk  stm32f4xx_hal_tim.o [4]
HAL_TIM_PWM_PulseFinishedCallback
                         0x800'4a15    0x2  Code  Wk  stm32f4xx_hal_tim.o [4]
HAL_TIM_PeriodElapsedCallback
                         0x800'2a0f   0x16  Code  Gb  main.o [2]
HAL_TIM_TriggerCallback
                         0x800'4a11    0x2  Code  Wk  stm32f4xx_hal_tim.o [4]
HAL_UARTEx_RxEventCallback
                         0x800'28a1    0x2  Code  Wk  stm32f4xx_hal_uart.o [4]
HAL_UART_ErrorCallback   0x800'27c9    0x2  Code  Wk  stm32f4xx_hal_uart.o [4]
HAL_UART_IRQHandler      0x800'1eb5  0x1b8  Code  Gb  stm32f4xx_hal_uart.o [4]
HAL_UART_Init            0x800'1c15   0x1e  Code  Gb  stm32f4xx_hal_uart.o [4]
HAL_UART_MspInit         0x800'2603   0xfc  Code  Gb  stm32f4xx_hal_msp.o [2]
HAL_UART_Receive         0x800'1d41   0xb4  Code  Gb  stm32f4xx_hal_uart.o [4]
HAL_UART_Receive_IT      0x800'1e43   0x2c  Code  Gb  stm32f4xx_hal_uart.o [4]
HAL_UART_RxCpltCallback
                         0x800'2df1    0x8  Code  Gb  main.o [2]
HAL_UART_Transmit        0x800'1c93   0xae  Code  Gb  stm32f4xx_hal_uart.o [4]
HAL_UART_Transmit_IT     0x800'1dfd   0x46  Code  Gb  stm32f4xx_hal_uart.o [4]
HAL_UART_TxCpltCallback
                         0x800'28a3    0x2  Code  Wk  stm32f4xx_hal_uart.o [4]
HASH_RNG_IRQHandler      0x800'4d61         Code  Wk  startup_stm32f407xx.o [1]
HardFault_Handler        0x800'4a23    0x2  Code  Gb  stm32f4xx_it.o [2]
I2C1_ER_IRQHandler       0x800'4cb9         Code  Wk  startup_stm32f407xx.o [1]
I2C1_EV_IRQHandler       0x800'4cb5         Code  Wk  startup_stm32f407xx.o [1]
I2C2_ER_IRQHandler       0x800'4cc1         Code  Wk  startup_stm32f407xx.o [1]
I2C2_EV_IRQHandler       0x800'4cbd         Code  Wk  startup_stm32f407xx.o [1]
I2C3_ER_IRQHandler       0x800'4d49         Code  Wk  startup_stm32f407xx.o [1]
I2C3_EV_IRQHandler       0x800'4d45         Code  Wk  startup_stm32f407xx.o [1]
MQ135_value             0x2000'02ec    0x4  Data  Gb  main.o [2]
MX_ADC1_Init             0x800'2d51   0x68  Code  Lc  main.o [2]
MX_CAN1_Init             0x800'2db9   0x38  Code  Lc  main.o [2]
MX_GPIO_Init             0x800'2edf   0x8a  Code  Lc  main.o [2]
MX_TIM6_Init             0x800'2e33   0x48  Code  Lc  main.o [2]
MX_USART1_UART_Init      0x800'2e7b   0x10  Code  Lc  main.o [2]
MX_USART2_UART_Init      0x800'2e91   0x10  Code  Lc  main.o [2]
MX_USART3_UART_Init      0x800'2ea1   0x10  Code  Lc  main.o [2]
MX_USART6_UART_Init      0x800'2ecf   0x10  Code  Lc  main.o [2]
MemManage_Handler        0x800'4a25    0x2  Code  Gb  stm32f4xx_it.o [2]
NMI_Handler              0x800'4a21    0x2  Code  Gb  stm32f4xx_it.o [2]
NVIC_EncodePriority      0x800'31f3   0x34  Code  Lc  stm32f4xx_hal_cortex.o [4]
OTG_FS_IRQHandler        0x800'4d35         Code  Wk  startup_stm32f407xx.o [1]
OTG_FS_WKUP_IRQHandler   0x800'4cd5         Code  Wk  startup_stm32f407xx.o [1]
OTG_HS_EP1_IN_IRQHandler
                         0x800'4d51         Code  Wk  startup_stm32f407xx.o [1]
OTG_HS_EP1_OUT_IRQHandler
                         0x800'4d4d         Code  Wk  startup_stm32f407xx.o [1]
OTG_HS_IRQHandler        0x800'4d59         Code  Wk  startup_stm32f407xx.o [1]
OTG_HS_WKUP_IRQHandler   0x800'4d55         Code  Wk  startup_stm32f407xx.o [1]
PVD_IRQHandler           0x800'4c45         Code  Wk  startup_stm32f407xx.o [1]
PendSV_Handler           0x800'4a2f    0x2  Code  Gb  stm32f4xx_it.o [2]
RCC_IRQHandler           0x800'4c55         Code  Wk  startup_stm32f407xx.o [1]
RTC_Alarm_IRQHandler     0x800'4cd1         Code  Wk  startup_stm32f407xx.o [1]
RTC_WKUP_IRQHandler      0x800'4c4d         Code  Wk  startup_stm32f407xx.o [1]
Region$$Table$$Base      0x800'4b74          --   Gb  - Linker created -
Region$$Table$$Limit     0x800'4b98          --   Gb  - Linker created -
Reset_Handler            0x800'4c0d         Code  Wk  startup_stm32f407xx.o [1]
RxData                  0x2000'02d4    0x8  Data  Gb  main.o [2]
RxHeader                0x2000'0258   0x1c  Data  Gb  main.o [2]
SDIO_IRQHandler          0x800'4cf1         Code  Wk  startup_stm32f407xx.o [1]
SPI1_IRQHandler          0x800'4cc5         Code  Wk  startup_stm32f407xx.o [1]
SPI2_IRQHandler          0x800'4cc9         Code  Wk  startup_stm32f407xx.o [1]
SPI3_IRQHandler          0x800'4cf9         Code  Wk  startup_stm32f407xx.o [1]
SVC_Handler              0x800'4a2b    0x2  Code  Gb  stm32f4xx_it.o [2]
Sds011_WorkingMode       0x800'4be8   0x14  Data  Lc  sds011.o [2]
SysTick_Config           0x800'3227   0x34  Code  Lc  stm32f4xx_hal_cortex.o [4]
SysTick_Handler          0x800'4a31    0x4  Code  Gb  stm32f4xx_it.o [2]
SystemClock_Config       0x800'2cb5   0x9c  Code  Gb  main.o [2]
SystemCoreClock         0x2000'001c    0x4  Data  Gb  system_stm32f4xx.o [3]
SystemInit               0x800'4c1d    0xc  Code  Gb  system_stm32f4xx.o [3]
TAMP_STAMP_IRQHandler    0x800'4c49         Code  Wk  startup_stm32f407xx.o [1]
TIM1_BRK_TIM9_IRQHandler
                         0x800'4c99         Code  Wk  startup_stm32f407xx.o [1]
TIM1_CC_IRQHandler       0x800'4ca5         Code  Wk  startup_stm32f407xx.o [1]
TIM1_TRG_COM_TIM11_IRQHandler
                         0x800'4ca1         Code  Wk  startup_stm32f407xx.o [1]
TIM1_UP_TIM10_IRQHandler
                         0x800'4c9d         Code  Wk  startup_stm32f407xx.o [1]
TIM2_IRQHandler          0x800'4ca9         Code  Wk  startup_stm32f407xx.o [1]
TIM3_IRQHandler          0x800'4cad         Code  Wk  startup_stm32f407xx.o [1]
TIM4_IRQHandler          0x800'4cb1         Code  Wk  startup_stm32f407xx.o [1]
TIM5_IRQHandler          0x800'4cf5         Code  Wk  startup_stm32f407xx.o [1]
TIM6_DAC_IRQHandler      0x800'4a53    0x6  Code  Gb  stm32f4xx_it.o [2]
TIM7_IRQHandler          0x800'4d05         Code  Wk  startup_stm32f407xx.o [1]
TIM8_BRK_TIM12_IRQHandler
                         0x800'4cd9         Code  Wk  startup_stm32f407xx.o [1]
TIM8_CC_IRQHandler       0x800'4ce5         Code  Wk  startup_stm32f407xx.o [1]
TIM8_TRG_COM_TIM14_IRQHandler
                         0x800'4ce1         Code  Wk  startup_stm32f407xx.o [1]
TIM8_UP_TIM13_IRQHandler
                         0x800'4cdd         Code  Wk  startup_stm32f407xx.o [1]
TIM_Base_SetConfig       0x800'3dd5   0x9e  Code  Gb  stm32f4xx_hal_tim.o [4]
TxData                  0x2000'02b4    0x8  Data  Gb  main.o [2]
TxData1                 0x2000'02bc    0x8  Data  Gb  main.o [2]
TxData2                 0x2000'02c4    0x8  Data  Gb  main.o [2]
TxData3                 0x2000'02cc    0x8  Data  Gb  main.o [2]
TxHeader                0x2000'0290   0x18  Data  Gb  main.o [2]
TxMailbox               0x2000'02e8    0x4  Data  Gb  main.o [2]
UART4_IRQHandler         0x800'4cfd         Code  Wk  startup_stm32f407xx.o [1]
UART5_IRQHandler         0x800'4d01         Code  Wk  startup_stm32f407xx.o [1]
UART_DMAAbortOnError     0x800'2219    0xc  Code  Lc  stm32f4xx_hal_uart.o [4]
UART_EndRxTransfer       0x800'21b7   0x60  Code  Lc  stm32f4xx_hal_uart.o [4]
UART_EndTransmit_IT      0x800'2285   0x1c  Code  Lc  stm32f4xx_hal_uart.o [4]
UART_Receive_IT          0x800'22a1   0xd4  Code  Lc  stm32f4xx_hal_uart.o [4]
UART_SetConfig           0x800'2375   0xfa  Code  Lc  stm32f4xx_hal_uart.o [4]
UART_Start_Receive_IT    0x800'2175   0x3a  Code  Gb  stm32f4xx_hal_uart.o [4]
UART_Transmit_IT         0x800'2225   0x60  Code  Lc  stm32f4xx_hal_uart.o [4]
UART_WaitOnFlagUntilTimeout
                         0x800'20d9   0x58  Code  Lc  stm32f4xx_hal_uart.o [4]
USART1_IRQHandler        0x800'4a3b    0x6  Code  Gb  stm32f4xx_it.o [2]
USART2_IRQHandler        0x800'4a41    0x6  Code  Gb  stm32f4xx_it.o [2]
USART3_IRQHandler        0x800'4a47    0x6  Code  Gb  stm32f4xx_it.o [2]
USART6_IRQHandler        0x800'4a4d    0x6  Code  Gb  stm32f4xx_it.o [2]
UsageFault_Handler       0x800'4a29    0x2  Code  Gb  stm32f4xx_it.o [2]
WWDG_IRQHandler          0x800'4c41         Code  Wk  startup_stm32f407xx.o [1]
ZE08_Value              0x2000'02e4    0x4  Data  Gb  main.o [2]
_LC                      0x800'0189    0x6  Code  Lc  xprintffull_nomb.o [5]
_LitobFullNoMb           0x800'0e51  0x114  Code  Lc  xprintffull_nomb.o [5]
_Locale_lconv           0x2000'0020   0x38  Data  Lc  xlocale_c.o [5]
_PrintfFullNoMb          0x800'018f  0xc92  Code  Gb  xprintffull_nomb.o [5]
_PutcharsFullNoMb        0x800'0fbd   0x2e  Code  Lc  xprintffull_nomb.o [5]
_SProut                  0x800'1073    0xa  Code  Gb  xsprout.o [5]
__NVIC_EnableIRQ         0x800'31c1   0x16  Code  Lc  stm32f4xx_hal_cortex.o [4]
__NVIC_GetPriorityGrouping
                         0x800'31b7    0xa  Code  Lc  stm32f4xx_hal_cortex.o [4]
__NVIC_SetPriority       0x800'31d7   0x1c  Code  Lc  stm32f4xx_hal_cortex.o [4]
__NVIC_SetPriorityGrouping
                         0x800'319d   0x1a  Code  Lc  stm32f4xx_hal_cortex.o [4]
__aeabi_cdcmple          0x800'1265         Code  Gb  DblCmpLe.o [6]
__aeabi_cdrcmple         0x800'1299         Code  Gb  DblCmpGe.o [6]
__aeabi_d2iz             0x800'1409         Code  Gb  DblToS32.o [6]
__aeabi_d2uiz            0x800'18fd         Code  Gb  DblToU32.o [6]
__aeabi_ddiv             0x800'16b5         Code  Gb  DblDiv.o [6]
__aeabi_dmul             0x800'193d         Code  Gb  DblMul.o [6]
__aeabi_dsub             0x800'15d1         Code  Gb  DblAddSub.o [6]
__aeabi_i2d              0x800'1441         Code  Gb  S32ToDbl.o [6]
__aeabi_ldiv0            0x800'1bfd         Code  Gb  I64DivZer.o [7]
__aeabi_memcpy           0x800'114d         Code  Gb  ABImemcpy.o [7]
__aeabi_memcpy4          0x800'116d         Code  Gb  ABImemcpy.o [7]
__aeabi_memcpy8          0x800'116d         Code  Gb  ABImemcpy.o [7]
__aeabi_memset           0x800'498d         Code  Gb  ABImemset.o [7]
__aeabi_ui2d             0x800'1921         Code  Gb  U32ToDbl.o [6]
__cmain                  0x800'4b99         Code  Gb  cmain.o [7]
__exit                   0x800'1c01   0x14  Code  Gb  exit.o [8]
__iar_Fail_s             0x800'107d   0x1c  Code  Gb  xfail_s.o [5]
__iar_Memchr             0x800'10f5         Code  Gb  memchr.o [7]
__iar_Memset             0x800'498d         Code  Gb  ABImemset.o [7]
__iar_Memset_word        0x800'4995         Code  Gb  ABImemset.o [7]
__iar_Strchr             0x800'105d         Code  Gb  strchr.o [7]
__iar_copy_init3         0x800'1033   0x2a  Code  Gb  copy_init3.o [7]
__iar_data_init3         0x800'4b29   0x28  Code  Gb  data_init.o [7]
__iar_frexp              0x800'1201         Code  Gb  frexp.o [6]
__iar_frexpl             0x800'1201         Code  Gb  frexp.o [6]
__iar_init_vfp           0x800'4b51         Code  Gb  fpinit_M.o [6]
__iar_ldexp64            0x800'12cd         Code  Gb  ldexp.o [6]
__iar_program_start      0x800'4bcd         Code  Gb  cstartup_M.o [7]
__iar_scalbln64          0x800'12cd         Code  Gb  ldexp.o [6]
__iar_scalbn64           0x800'12cd         Code  Gb  ldexp.o [6]
__iar_small_uldivmod     0x800'1af1         Code  Gb  I64DivMod_small.o [7]
__iar_softfp___iar_frexp64
                         0x800'11f5         Code  Gb  frexp.o [6]
__iar_softfp_frexp       0x800'11f5         Code  Gb  frexp.o [6]
__iar_softfp_frexpl      0x800'11f5         Code  Gb  frexp.o [6]
__iar_zero_init3         0x800'4af1   0x38  Code  Gb  zero_init3.o [7]
__low_level_init         0x800'4bb7    0x4  Code  Gb  low_level_init.o [5]
__vector_table           0x800'0000         Data  Gb  startup_stm32f407xx.o [1]
_call_main               0x800'4ba5         Code  Gb  cmain.o [7]
_exit                    0x800'4bc1         Code  Gb  cexit.o [7]
abort                    0x800'1bf7    0x6  Code  Gb  abort.o [5]
available1               0x800'28c3   0x58  Code  Gb  main.o [2]
checkSum                 0x800'28a5   0x1e  Code  Gb  main.o [2]
check_command            0x800'296b   0x20  Code  Gb  main.o [2]
data                    0x2000'01fc   0x34  Data  Gb  main.o [2]
exit                     0x800'4bbb    0x4  Code  Gb  exit.o [5]
hadc1                   0x2000'005c   0x48  Data  Gb  main.o [2]
hcan1                   0x2000'0230   0x28  Data  Gb  main.o [2]
htim6                   0x2000'00a4   0x48  Data  Gb  main.o [2]
huart1                  0x2000'00ec   0x44  Data  Gb  main.o [2]
huart2                  0x2000'0130   0x44  Data  Gb  main.o [2]
huart3                  0x2000'0174   0x44  Data  Gb  main.o [2]
huart6                  0x2000'01b8   0x44  Data  Gb  main.o [2]
ldexp                    0x800'12cd         Code  Gb  ldexp.o [6]
ldexpl                   0x800'12cd         Code  Gb  ldexp.o [6]
localeconv               0x800'1ae9    0x4  Code  Gb  xlocale_c.o [5]
main                     0x800'2a29  0x22a  Code  Gb  main.o [2]
memchr                   0x800'10f5         Code  Gb  memchr.o [7]
memset                   0x800'3485   0x14  Code  Gb  memset.o [7]
ppb                     0x2000'02e0    0x4  Data  Gb  main.o [2]
ppm                     0x2000'02dc    0x4  Data  Gb  main.o [2]
receivedCommandStack    0x2000'02a8    0xc  Data  Gb  main.o [2]
receivedFlag            0x2000'02fa    0x1  Data  Gb  main.o [2]
scalbln                  0x800'12cd         Code  Gb  ldexp.o [6]
scalblnl                 0x800'12cd         Code  Gb  ldexp.o [6]
scalbn                   0x800'12cd         Code  Gb  ldexp.o [6]
scalbnl                  0x800'12cd         Code  Gb  ldexp.o [6]
scale                    0x800'0f65   0x46  Code  Lc  xprintffull_nomb.o [5]
sds                     0x2000'0274   0x1c  Data  Gb  main.o [2]
sdsGetPm10               0x800'3f05    0x4  Code  Gb  sds011.o [2]
sdsGetPm2_5              0x800'3f01    0x4  Code  Gb  sds011.o [2]
sdsInit                  0x800'3ed9   0x22  Code  Gb  sds011.o [2]
sds_uart_RxCpltCallback
                         0x800'3f09   0x3a  Code  Gb  sds011.o [2]
sec_hand                0x2000'02f4    0x4  Data  Lc  xfail_s.o [5]
size                    0x2000'02f8    0x2  Data  Gb  main.o [2]
sprintf                  0x800'3f45   0x40  Code  Gb  sprintf.o [5]
strchr                   0x800'105d         Code  Gb  strchr.o [7]
strlen                   0x800'10bd         Code  Gb  strlen.o [7]
uwTick                  0x2000'02f0    0x4  Data  Gb  stm32f4xx_hal.o [4]
uwTickFreq              0x2000'0058    0x1  Data  Gb  stm32f4xx_hal.o [4]
uwTickPrio              0x2000'0018    0x4  Data  Gb  stm32f4xx_hal.o [4]
ze08_PPM                 0x800'291d   0x4e  Code  Gb  main.o [2]


[1] = C:\Users\Duy Du\Desktop\Code DATN\CAN_Node2_SDS011_Ze08_Mq135\EWARM\CAN_Node2_SDS011_Ze08_Mq135\Obj\Application\EWARM
[2] = C:\Users\Duy Du\Desktop\Code DATN\CAN_Node2_SDS011_Ze08_Mq135\EWARM\CAN_Node2_SDS011_Ze08_Mq135\Obj\Application\User\Core
[3] = C:\Users\Duy Du\Desktop\Code DATN\CAN_Node2_SDS011_Ze08_Mq135\EWARM\CAN_Node2_SDS011_Ze08_Mq135\Obj\Drivers\CMSIS
[4] = C:\Users\Duy Du\Desktop\Code DATN\CAN_Node2_SDS011_Ze08_Mq135\EWARM\CAN_Node2_SDS011_Ze08_Mq135\Obj\Drivers\STM32F4xx_HAL_Driver
[5] = dl7M_tlf.a
[6] = m7M_tls.a
[7] = rt7M_tl.a
[8] = shb_l.a

  19'627 bytes of readonly  code memory
     189 bytes of readonly  data memory
   1'785 bytes of readwrite data memory

Errors: none
Warnings: none
