###############################################################################
#
# IAR ELF Linker V9.30.1.335/W64 for ARM                  28/Nov/2022  18:05:30
# Copyright 2007-2022 IAR Systems AB.
#
#    Output file  =
#        C:\Users\Duy Du\Desktop\Code
#        DATN\CAN_Node1_f4_27_11\EWARM\CAN_Node1_f4_27_11\Exe\CAN_Node1_f4_27_11.out
#    Map file     =
#        C:\Users\Duy Du\Desktop\Code
#        DATN\CAN_Node1_f4_27_11\EWARM\CAN_Node1_f4_27_11\List\CAN_Node1_f4_27_11.map
#    Command line =
#        -f "C:\Users\Duy Du\Desktop\Code
#        DATN\CAN_Node1_f4_27_11\EWARM\CAN_Node1_f4_27_11\Exe\CAN_Node1_f4_27_11.out.rsp"
#        ("C:\Users\Duy Du\Desktop\Code
#        DATN\CAN_Node1_f4_27_11\EWARM\CAN_Node1_f4_27_11\Obj\Application\User\Core\BME280_STM32.o"
#        "C:\Users\Duy Du\Desktop\Code
#        DATN\CAN_Node1_f4_27_11\EWARM\CAN_Node1_f4_27_11\Obj\Application\User\Core\main.o"
#        "C:\Users\Duy Du\Desktop\Code
#        DATN\CAN_Node1_f4_27_11\EWARM\CAN_Node1_f4_27_11\Obj\Application\EWARM\startup_stm32f407xx.o"
#        "C:\Users\Duy Du\Desktop\Code
#        DATN\CAN_Node1_f4_27_11\EWARM\CAN_Node1_f4_27_11\Obj\Drivers\STM32F4xx_HAL_Driver\stm32f4xx_hal.o"
#        "C:\Users\Duy Du\Desktop\Code
#        DATN\CAN_Node1_f4_27_11\EWARM\CAN_Node1_f4_27_11\Obj\Drivers\STM32F4xx_HAL_Driver\stm32f4xx_hal_can.o"
#        "C:\Users\Duy Du\Desktop\Code
#        DATN\CAN_Node1_f4_27_11\EWARM\CAN_Node1_f4_27_11\Obj\Drivers\STM32F4xx_HAL_Driver\stm32f4xx_hal_cortex.o"
#        "C:\Users\Duy Du\Desktop\Code
#        DATN\CAN_Node1_f4_27_11\EWARM\CAN_Node1_f4_27_11\Obj\Drivers\STM32F4xx_HAL_Driver\stm32f4xx_hal_dma.o"
#        "C:\Users\Duy Du\Desktop\Code
#        DATN\CAN_Node1_f4_27_11\EWARM\CAN_Node1_f4_27_11\Obj\Drivers\STM32F4xx_HAL_Driver\stm32f4xx_hal_dma_ex.o"
#        "C:\Users\Duy Du\Desktop\Code
#        DATN\CAN_Node1_f4_27_11\EWARM\CAN_Node1_f4_27_11\Obj\Drivers\STM32F4xx_HAL_Driver\stm32f4xx_hal_exti.o"
#        "C:\Users\Duy Du\Desktop\Code
#        DATN\CAN_Node1_f4_27_11\EWARM\CAN_Node1_f4_27_11\Obj\Drivers\STM32F4xx_HAL_Driver\stm32f4xx_hal_flash.o"
#        "C:\Users\Duy Du\Desktop\Code
#        DATN\CAN_Node1_f4_27_11\EWARM\CAN_Node1_f4_27_11\Obj\Drivers\STM32F4xx_HAL_Driver\stm32f4xx_hal_flash_ex.o"
#        "C:\Users\Duy Du\Desktop\Code
#        DATN\CAN_Node1_f4_27_11\EWARM\CAN_Node1_f4_27_11\Obj\Drivers\STM32F4xx_HAL_Driver\stm32f4xx_hal_flash_ramfunc.o"
#        "C:\Users\Duy Du\Desktop\Code
#        DATN\CAN_Node1_f4_27_11\EWARM\CAN_Node1_f4_27_11\Obj\Drivers\STM32F4xx_HAL_Driver\stm32f4xx_hal_gpio.o"
#        "C:\Users\Duy Du\Desktop\Code
#        DATN\CAN_Node1_f4_27_11\EWARM\CAN_Node1_f4_27_11\Obj\Drivers\STM32F4xx_HAL_Driver\stm32f4xx_hal_i2c.o"
#        "C:\Users\Duy Du\Desktop\Code
#        DATN\CAN_Node1_f4_27_11\EWARM\CAN_Node1_f4_27_11\Obj\Drivers\STM32F4xx_HAL_Driver\stm32f4xx_hal_i2c_ex.o"
#        "C:\Users\Duy Du\Desktop\Code
#        DATN\CAN_Node1_f4_27_11\EWARM\CAN_Node1_f4_27_11\Obj\Application\User\Core\stm32f4xx_hal_msp.o"
#        "C:\Users\Duy Du\Desktop\Code
#        DATN\CAN_Node1_f4_27_11\EWARM\CAN_Node1_f4_27_11\Obj\Drivers\STM32F4xx_HAL_Driver\stm32f4xx_hal_pwr.o"
#        "C:\Users\Duy Du\Desktop\Code
#        DATN\CAN_Node1_f4_27_11\EWARM\CAN_Node1_f4_27_11\Obj\Drivers\STM32F4xx_HAL_Driver\stm32f4xx_hal_pwr_ex.o"
#        "C:\Users\Duy Du\Desktop\Code
#        DATN\CAN_Node1_f4_27_11\EWARM\CAN_Node1_f4_27_11\Obj\Drivers\STM32F4xx_HAL_Driver\stm32f4xx_hal_rcc.o"
#        "C:\Users\Duy Du\Desktop\Code
#        DATN\CAN_Node1_f4_27_11\EWARM\CAN_Node1_f4_27_11\Obj\Drivers\STM32F4xx_HAL_Driver\stm32f4xx_hal_rcc_ex.o"
#        "C:\Users\Duy Du\Desktop\Code
#        DATN\CAN_Node1_f4_27_11\EWARM\CAN_Node1_f4_27_11\Obj\Drivers\STM32F4xx_HAL_Driver\stm32f4xx_hal_tim.o"
#        "C:\Users\Duy Du\Desktop\Code
#        DATN\CAN_Node1_f4_27_11\EWARM\CAN_Node1_f4_27_11\Obj\Drivers\STM32F4xx_HAL_Driver\stm32f4xx_hal_tim_ex.o"
#        "C:\Users\Duy Du\Desktop\Code
#        DATN\CAN_Node1_f4_27_11\EWARM\CAN_Node1_f4_27_11\Obj\Application\User\Core\stm32f4xx_it.o"
#        "C:\Users\Duy Du\Desktop\Code
#        DATN\CAN_Node1_f4_27_11\EWARM\CAN_Node1_f4_27_11\Obj\Drivers\CMSIS\system_stm32f4xx.o"
#        "C:\Users\Duy Du\Desktop\Code
#        DATN\CAN_Node1_f4_27_11\EWARM\CAN_Node1_f4_27_11\Obj\Application\User\Core\temp.o"
#        --no_out_extension -o "C:\Users\Duy Du\Desktop\Code
#        DATN\CAN_Node1_f4_27_11\EWARM\CAN_Node1_f4_27_11\Exe\CAN_Node1_f4_27_11.out"
#        --redirect _Printf=_PrintfFullNoMb --redirect _Scanf=_ScanfFullNoMb
#        --map "C:\Users\Duy Du\Desktop\Code
#        DATN\CAN_Node1_f4_27_11\EWARM\CAN_Node1_f4_27_11\List\CAN_Node1_f4_27_11.map"
#        --config "C:\Users\Duy Du\Desktop\Code
#        DATN\CAN_Node1_f4_27_11\EWARM/stm32f407xx_flash.icf" --semihosting
#        --entry __iar_program_start --vfe --text_out locale --cpu=Cortex-M4
#        --fpu=VFPv4_sp)
#
###############################################################################

*******************************************************************************
*** RUNTIME MODEL ATTRIBUTES
***

CppFlavor       = *
__CPP_Runtime   = 1
__SystemLibrary = DLib
__dlib_version  = 6


*******************************************************************************
*** HEAP SELECTION
***

The basic heap was selected because --advanced_heap
was not specified and the application did not appear to
be primarily optimized for speed.


*******************************************************************************
*** PLACEMENT SUMMARY
***

"A0":  place at address 0x800'0000 { ro section .intvec };
"P1":  place in [from 0x800'0000 to 0x80f'ffff] { ro };
define block CSTACK with size = 1K, alignment = 8 { };
define block HEAP with size = 512, alignment = 8 { };
"P2":  place in [from 0x2000'0000 to 0x2001'ffff] {
          rw, block CSTACK, block HEAP };
initialize by copy { rw };

  Section            Kind         Address    Size  Object
  -------            ----         -------    ----  ------
"A0":                                       0x188
  .intvec            ro code   0x800'0000   0x188  startup_stm32f407xx.o [1]
                             - 0x800'0188   0x188

"P1":                                      0x4504
  .text              ro code   0x800'0188   0x844  stm32f4xx_hal_i2c.o [4]
  .text              ro code   0x800'09cc   0x17c  stm32f4xx_hal_msp.o [2]
  .text              ro code   0x800'0b48   0x164  stm32f4xx_hal_rcc.o [4]
  .text              ro code   0x800'0cac     0xc  stm32f4xx_hal.o [4]
  .text              ro code   0x800'0cb8   0x104  stm32f4xx_hal_cortex.o [4]
  .text              ro code   0x800'0dbc   0x1e0  stm32f4xx_hal_gpio.o [4]
  .text              ro code   0x800'0f9c    0x14  memset.o [7]
  .text              ro code   0x800'0fb0    0x60  stm32f4xx_hal_rcc.o [4]
  .text              ro code   0x800'1010    0x48  stm32f4xx_hal.o [4]
  .text              ro code   0x800'1058    0x66  ABImemset.o [7]
  .text              ro code   0x800'10be    0x2a  copy_init3.o [7]
  .text              ro code   0x800'10e8   0x14a  I64DivMod_small.o [7]
  .text              ro code   0x800'1234     0x2  I64DivZer.o [7]
  .text              ro code   0x800'1238   0x678  stm32f4xx_hal_can.o [4]
  .text              ro code   0x800'18b0     0x2  stm32f4xx_hal_can.o [4]
  .text              ro code   0x800'18b2     0x2  stm32f4xx_hal_can.o [4]
  .text              ro code   0x800'18b4     0x2  stm32f4xx_hal_can.o [4]
  .text              ro code   0x800'18b6     0x2  stm32f4xx_hal_can.o [4]
  .text              ro code   0x800'18b8     0x2  stm32f4xx_hal_can.o [4]
  .text              ro code   0x800'18ba     0x2  stm32f4xx_hal_can.o [4]
  .text              ro code   0x800'18bc     0x2  stm32f4xx_hal_can.o [4]
  .text              ro code   0x800'18c0   0x50e  main.o [2]
  .text              ro code   0x800'1dce     0x2  stm32f4xx_hal_can.o [4]
  .text              ro code   0x800'1dd0     0x2  stm32f4xx_hal_can.o [4]
  .text              ro code   0x800'1dd2     0x2  stm32f4xx_hal_can.o [4]
  .text              ro code   0x800'1dd4     0x2  stm32f4xx_hal_can.o [4]
  .text              ro code   0x800'1dd6     0x2  stm32f4xx_hal_can.o [4]
  .text              ro code   0x800'1dd8    0x34  stm32f4xx_hal.o [4]
  .text              ro code   0x800'1e0c   0x558  BME280_STM32.o [2]
  .text              ro code   0x800'2364    0x28  stm32f4xx_hal.o [4]
  .text              ro code   0x800'238c   0x3a0  stm32f4xx_hal_tim.o [4]
  .text              ro code   0x800'272c    0x48  FltToDbl.o [6]
  .text              ro code   0x800'2774   0x246  DblDiv.o [6]
  .text              ro code   0x800'29bc    0x16  math_wrappers64.o [6]
  .text              ro code   0x800'29d4   0x25e  DblAddSub.o [6]
  .text              ro code   0x800'2c34   0x1aa  DblMul.o [6]
  .text              ro code   0x800'2de0    0x68  DblToFlt.o [6]
  .text              ro code   0x800'2e48   0x18c  temp.o [2]
  .text              ro code   0x800'2fd4   0x354  stm32f4xx_hal_rcc.o [4]
  .text              ro code   0x800'3328    0xa0  stm32f4xx_hal_tim_ex.o [4]
  .text              ro code   0x800'33c8     0x2  stm32f4xx_hal_tim.o [4]
  .text              ro code   0x800'33ca     0x2  stm32f4xx_hal_tim.o [4]
  .text              ro code   0x800'33cc     0x2  stm32f4xx_hal_tim_ex.o [4]
  .text              ro code   0x800'33ce     0x2  stm32f4xx_hal_tim.o [4]
  .text              ro code   0x800'33d0     0x2  stm32f4xx_hal_tim_ex.o [4]
  .text              ro code   0x800'33d2     0x2  stm32f4xx_hal_tim.o [4]
  .text              ro code   0x800'33d4   0x650  pow64.o [6]
  .text              ro code   0x800'3a24    0x20  DblCmpEq.o [6]
  .text              ro code   0x800'3a44    0x70  frexp.o [6]
  .text              ro code   0x800'3ab4    0x34  DblCmpLe.o [6]
  .text              ro code   0x800'3ae8    0x36  DblToS32.o [6]
  .text              ro code   0x800'3b20    0x22  S32ToDbl.o [6]
  .text              ro code   0x800'3b44    0x34  DblCmpGe.o [6]
  .text              ro code   0x800'3b78   0x2ec  iar_Exp64.o [6]
  .text              ro code   0x800'3e64   0x13a  ldexp.o [6]
  .rodata            const     0x800'3fa0   0x420  pow64.o [6]
  .text              ro code   0x800'43c0    0x38  zero_init3.o [7]
  .text              ro code   0x800'43f8    0x28  stm32f4xx_it.o [2]
  .text              ro code   0x800'4420    0x18  stm32f4xx_hal.o [4]
  .text              ro code   0x800'4438    0x28  data_init.o [7]
  .text              ro code   0x800'4460    0x22  fpinit_M.o [6]
  .iar.init_table    const     0x800'4484    0x24  - Linker created -
  .text              ro code   0x800'44a8    0x1e  cmain.o [7]
  .text              ro code   0x800'44c6     0x4  low_level_init.o [5]
  .text              ro code   0x800'44ca     0x4  exit.o [5]
  .text              ro code   0x800'44d0     0xa  cexit.o [7]
  .text              ro code   0x800'44dc    0x14  exit.o [8]
  .text              ro code   0x800'44f0    0x1c  cstartup_M.o [7]
  .rodata            const     0x800'450c    0x10  system_stm32f4xx.o [3]
  .text              ro code   0x800'451c    0x10  startup_stm32f407xx.o [1]
  .text              ro code   0x800'452c    0x10  system_stm32f4xx.o [3]
  Initializer bytes  const     0x800'453c     0xc  <for P2-1>
  .rodata            const     0x800'4548     0x8  system_stm32f4xx.o [3]
  .text              ro code   0x800'4550     0x4  startup_stm32f407xx.o [1]
  .text              ro code   0x800'4554     0x4  startup_stm32f407xx.o [1]
  .text              ro code   0x800'4558     0x4  startup_stm32f407xx.o [1]
  .text              ro code   0x800'455c     0x4  startup_stm32f407xx.o [1]
  .text              ro code   0x800'4560     0x4  startup_stm32f407xx.o [1]
  .text              ro code   0x800'4564     0x4  startup_stm32f407xx.o [1]
  .text              ro code   0x800'4568     0x4  startup_stm32f407xx.o [1]
  .text              ro code   0x800'456c     0x4  startup_stm32f407xx.o [1]
  .text              ro code   0x800'4570     0x4  startup_stm32f407xx.o [1]
  .text              ro code   0x800'4574     0x4  startup_stm32f407xx.o [1]
  .text              ro code   0x800'4578     0x4  startup_stm32f407xx.o [1]
  .text              ro code   0x800'457c     0x4  startup_stm32f407xx.o [1]
  .text              ro code   0x800'4580     0x4  startup_stm32f407xx.o [1]
  .text              ro code   0x800'4584     0x4  startup_stm32f407xx.o [1]
  .text              ro code   0x800'4588     0x4  startup_stm32f407xx.o [1]
  .text              ro code   0x800'458c     0x4  startup_stm32f407xx.o [1]
  .text              ro code   0x800'4590     0x4  startup_stm32f407xx.o [1]
  .text              ro code   0x800'4594     0x4  startup_stm32f407xx.o [1]
  .text              ro code   0x800'4598     0x4  startup_stm32f407xx.o [1]
  .text              ro code   0x800'459c     0x4  startup_stm32f407xx.o [1]
  .text              ro code   0x800'45a0     0x4  startup_stm32f407xx.o [1]
  .text              ro code   0x800'45a4     0x4  startup_stm32f407xx.o [1]
  .text              ro code   0x800'45a8     0x4  startup_stm32f407xx.o [1]
  .text              ro code   0x800'45ac     0x4  startup_stm32f407xx.o [1]
  .text              ro code   0x800'45b0     0x4  startup_stm32f407xx.o [1]
  .text              ro code   0x800'45b4     0x4  startup_stm32f407xx.o [1]
  .text              ro code   0x800'45b8     0x4  startup_stm32f407xx.o [1]
  .text              ro code   0x800'45bc     0x4  startup_stm32f407xx.o [1]
  .text              ro code   0x800'45c0     0x4  startup_stm32f407xx.o [1]
  .text              ro code   0x800'45c4     0x4  startup_stm32f407xx.o [1]
  .text              ro code   0x800'45c8     0x4  startup_stm32f407xx.o [1]
  .text              ro code   0x800'45cc     0x4  startup_stm32f407xx.o [1]
  .text              ro code   0x800'45d0     0x4  startup_stm32f407xx.o [1]
  .text              ro code   0x800'45d4     0x4  startup_stm32f407xx.o [1]
  .text              ro code   0x800'45d8     0x4  startup_stm32f407xx.o [1]
  .text              ro code   0x800'45dc     0x4  startup_stm32f407xx.o [1]
  .text              ro code   0x800'45e0     0x4  startup_stm32f407xx.o [1]
  .text              ro code   0x800'45e4     0x4  startup_stm32f407xx.o [1]
  .text              ro code   0x800'45e8     0x4  startup_stm32f407xx.o [1]
  .text              ro code   0x800'45ec     0x4  startup_stm32f407xx.o [1]
  .text              ro code   0x800'45f0     0x4  startup_stm32f407xx.o [1]
  .text              ro code   0x800'45f4     0x4  startup_stm32f407xx.o [1]
  .text              ro code   0x800'45f8     0x4  startup_stm32f407xx.o [1]
  .text              ro code   0x800'45fc     0x4  startup_stm32f407xx.o [1]
  .text              ro code   0x800'4600     0x4  startup_stm32f407xx.o [1]
  .text              ro code   0x800'4604     0x4  startup_stm32f407xx.o [1]
  .text              ro code   0x800'4608     0x4  startup_stm32f407xx.o [1]
  .text              ro code   0x800'460c     0x4  startup_stm32f407xx.o [1]
  .text              ro code   0x800'4610     0x4  startup_stm32f407xx.o [1]
  .text              ro code   0x800'4614     0x4  startup_stm32f407xx.o [1]
  .text              ro code   0x800'4618     0x4  startup_stm32f407xx.o [1]
  .text              ro code   0x800'461c     0x4  startup_stm32f407xx.o [1]
  .text              ro code   0x800'4620     0x4  startup_stm32f407xx.o [1]
  .text              ro code   0x800'4624     0x4  startup_stm32f407xx.o [1]
  .text              ro code   0x800'4628     0x4  startup_stm32f407xx.o [1]
  .text              ro code   0x800'462c     0x4  startup_stm32f407xx.o [1]
  .text              ro code   0x800'4630     0x4  startup_stm32f407xx.o [1]
  .text              ro code   0x800'4634     0x4  startup_stm32f407xx.o [1]
  .text              ro code   0x800'4638     0x4  startup_stm32f407xx.o [1]
  .text              ro code   0x800'463c     0x4  startup_stm32f407xx.o [1]
  .text              ro code   0x800'4640     0x4  startup_stm32f407xx.o [1]
  .text              ro code   0x800'4644     0x4  startup_stm32f407xx.o [1]
  .text              ro code   0x800'4648     0x4  startup_stm32f407xx.o [1]
  .text              ro code   0x800'464c     0x4  startup_stm32f407xx.o [1]
  .text              ro code   0x800'4650     0x4  startup_stm32f407xx.o [1]
  .text              ro code   0x800'4654     0x4  startup_stm32f407xx.o [1]
  .text              ro code   0x800'4658     0x4  startup_stm32f407xx.o [1]
  .text              ro code   0x800'465c     0x4  startup_stm32f407xx.o [1]
  .text              ro code   0x800'4660     0x4  startup_stm32f407xx.o [1]
  .text              ro code   0x800'4664     0x4  startup_stm32f407xx.o [1]
  .text              ro code   0x800'4668     0x4  startup_stm32f407xx.o [1]
  .text              ro code   0x800'466c     0x4  startup_stm32f407xx.o [1]
  .text              ro code   0x800'4670     0x4  startup_stm32f407xx.o [1]
  .text              ro code   0x800'4674     0x4  startup_stm32f407xx.o [1]
  .text              ro code   0x800'4678     0x4  startup_stm32f407xx.o [1]
  .text              ro code   0x800'467c     0x4  startup_stm32f407xx.o [1]
  .text              ro code   0x800'4680     0x4  startup_stm32f407xx.o [1]
  .text              ro code   0x800'4684     0x4  startup_stm32f407xx.o [1]
  .text              ro code   0x800'4688     0x4  startup_stm32f407xx.o [1]
  .rodata            const     0x800'468c     0x0  zero_init3.o [7]
  .rodata            const     0x800'468c     0x0  copy_init3.o [7]
                             - 0x800'468c  0x4504

"P2", part 1 of 3:                            0xc
  P2-1                        0x2000'0000     0x9  <Init block>
    .data            inited   0x2000'0000     0x4  stm32f4xx_hal.o [4]
    .data            inited   0x2000'0004     0x4  system_stm32f4xx.o [3]
    .data            inited   0x2000'0008     0x1  stm32f4xx_hal.o [4]
                            - 0x2000'0009     0x9

"P2", part 2 of 3:                          0x1b8
  .bss               zero     0x2000'000c    0x54  main.o [2]
  .bss               zero     0x2000'0060    0x48  main.o [2]
  .bss               zero     0x2000'00a8    0x48  main.o [2]
  .bss               zero     0x2000'00f0    0x34  main.o [2]
  .bss               zero     0x2000'0124    0x28  main.o [2]
  .bss               zero     0x2000'014c    0x1c  main.o [2]
  .bss               zero     0x2000'0168    0x18  main.o [2]
  .bss               zero     0x2000'0180     0x8  main.o [2]
  .bss               zero     0x2000'0188     0x8  main.o [2]
  .bss               zero     0x2000'0190     0x8  main.o [2]
  .bss               zero     0x2000'0198     0x4  main.o [2]
  .bss               zero     0x2000'019c     0x4  main.o [2]
  .bss               zero     0x2000'01a0     0x4  main.o [2]
  .bss               zero     0x2000'01a4     0x4  main.o [2]
  .bss               zero     0x2000'01a8     0x4  main.o [2]
  .bss               zero     0x2000'01ac     0x4  main.o [2]
  .bss               zero     0x2000'01b0     0x4  main.o [2]
  .bss               zero     0x2000'01b4     0x4  stm32f4xx_hal.o [4]
  .bss               zero     0x2000'01b8     0x2  temp.o [2]
  .bss               zero     0x2000'01ba     0x2  temp.o [2]
  .bss               zero     0x2000'01bc     0x1  main.o [2]
  .bss               zero     0x2000'01bd     0x1  temp.o [2]
  .bss               zero     0x2000'01be     0x1  temp.o [2]
  .bss               zero     0x2000'01bf     0x1  temp.o [2]
  .bss               zero     0x2000'01c0     0x1  temp.o [2]
  .bss               zero     0x2000'01c1     0x1  temp.o [2]
                            - 0x2000'01c2   0x1b6

"P2", part 3 of 3:                          0x400
  CSTACK                      0x2000'01c8   0x400  <Block>
    CSTACK           uninit   0x2000'01c8   0x400  <Block tail>
                            - 0x2000'05c8   0x400

Unused ranges:

         From           To      Size
         ----           --      ----
   0x800'468c   0x80f'ffff  0xf'b974
  0x2000'01c4  0x2000'01c7       0x4
  0x2000'05c8  0x2001'ffff  0x1'fa38


*******************************************************************************
*** INIT TABLE
***

          Address      Size
          -------      ----
Zero (__iar_zero_init3)
    1 destination range, total size 0x1b6:
          0x2000'000c  0x1b6

Copy (__iar_copy_init3)
    1 source range, total size 0xc (133% of destination):
           0x800'453c    0xc
    1 destination range, total size 0x9:
          0x2000'0000    0x9



*******************************************************************************
*** MODULE SUMMARY
***

    Module                  ro code  ro data  rw data
    ------                  -------  -------  -------
command line/config:
    -------------------------------------------------
    Total:

C:\Users\Duy Du\Desktop\Code DATN\CAN_Node1_f4_27_11\EWARM\CAN_Node1_f4_27_11\Obj\Application\EWARM: [1]
    startup_stm32f407xx.o       724
    -------------------------------------------------
    Total:                      724

C:\Users\Duy Du\Desktop\Code DATN\CAN_Node1_f4_27_11\EWARM\CAN_Node1_f4_27_11\Obj\Application\User\Core: [2]
    BME280_STM32.o            1'368
    main.o                    1'294               425
    stm32f4xx_hal_msp.o         380
    stm32f4xx_it.o               40
    temp.o                      396                 9
    -------------------------------------------------
    Total:                    3'478               434

C:\Users\Duy Du\Desktop\Code DATN\CAN_Node1_f4_27_11\EWARM\CAN_Node1_f4_27_11\Obj\Drivers\CMSIS: [3]
    system_stm32f4xx.o           16       28        4
    -------------------------------------------------
    Total:                       16       28        4

C:\Users\Duy Du\Desktop\Code DATN\CAN_Node1_f4_27_11\EWARM\CAN_Node1_f4_27_11\Obj\Drivers\STM32F4xx_HAL_Driver: [4]
    stm32f4xx_hal.o             200        5        9
    stm32f4xx_hal_can.o       1'680
    stm32f4xx_hal_cortex.o      260
    stm32f4xx_hal_gpio.o        480
    stm32f4xx_hal_i2c.o       2'116
    stm32f4xx_hal_rcc.o       1'304
    stm32f4xx_hal_tim.o         936
    stm32f4xx_hal_tim_ex.o      164
    -------------------------------------------------
    Total:                    7'140        5        9

dl7M_tln.a: [5]
    exit.o                        4
    low_level_init.o              4
    -------------------------------------------------
    Total:                        8

m7M_tls.a: [6]
    DblAddSub.o                 606
    DblCmpEq.o                   32
    DblCmpGe.o                   52
    DblCmpLe.o                   52
    DblDiv.o                    582
    DblMul.o                    426
    DblToFlt.o                  104
    DblToS32.o                   54
    FltToDbl.o                   72
    S32ToDbl.o                   34
    fpinit_M.o                   34
    frexp.o                     112
    iar_Exp64.o                 748
    ldexp.o                     314
    math_wrappers64.o            22
    pow64.o                   1'616    1'056
    -------------------------------------------------
    Total:                    4'860    1'056

rt7M_tl.a: [7]
    ABImemset.o                 102
    I64DivMod_small.o           330
    I64DivZer.o                   2
    cexit.o                      10
    cmain.o                      30
    copy_init3.o                 42
    cstartup_M.o                 28
    data_init.o                  40
    memset.o                     20
    zero_init3.o                 56
    -------------------------------------------------
    Total:                      660

shb_l.a: [8]
    exit.o                       20
    -------------------------------------------------
    Total:                       20

    Gaps                         22        4
    Linker created                        39    1'024
-----------------------------------------------------
    Grand Total:             16'928    1'132    1'471


*******************************************************************************
*** ENTRY LIST
***

Entry                       Address   Size  Type      Object
-----                       -------   ----  ----      ------
.iar.init_table$$Base    0x800'4484          --   Gb  - Linker created -
.iar.init_table$$Limit   0x800'44a8          --   Gb  - Linker created -
?main                    0x800'44a9         Code  Gb  cmain.o [7]
ADC_IRQHandler           0x800'4599         Code  Wk  startup_stm32f407xx.o [1]
AHBPrescTable            0x800'450c   0x10  Data  Gb  system_stm32f4xx.o [3]
APBPrescTable            0x800'4548    0x8  Data  Gb  system_stm32f4xx.o [3]
BusFault_Handler         0x800'43ff    0x2  Code  Gb  stm32f4xx_it.o [2]
CAN1_RX0_IRQHandler      0x800'440d    0x6  Code  Gb  stm32f4xx_it.o [2]
CAN1_RX1_IRQHandler      0x800'45a1         Code  Wk  startup_stm32f407xx.o [1]
CAN1_SCE_IRQHandler      0x800'45a5         Code  Wk  startup_stm32f407xx.o [1]
CAN1_TX_IRQHandler       0x800'459d         Code  Wk  startup_stm32f407xx.o [1]
CAN2_RX0_IRQHandler      0x800'4649         Code  Wk  startup_stm32f407xx.o [1]
CAN2_RX1_IRQHandler      0x800'464d         Code  Wk  startup_stm32f407xx.o [1]
CAN2_SCE_IRQHandler      0x800'4651         Code  Wk  startup_stm32f407xx.o [1]
CAN2_TX_IRQHandler       0x800'4645         Code  Wk  startup_stm32f407xx.o [1]
CAN_Filter_Config        0x800'1c03   0x3a  Code  Lc  main.o [2]
CSTACK$$Base            0x2000'01c8          --   Gb  - Linker created -
CSTACK$$Limit           0x2000'05c8          --   Gb  - Linker created -
DCMI_IRQHandler          0x800'4681         Code  Wk  startup_stm32f407xx.o [1]
DHT11_Check_Response     0x800'2ec5   0x2c  Code  Gb  temp.o [2]
DHT11_Data               0x800'2f63   0x40  Code  Gb  temp.o [2]
DHT11_Read               0x800'2eff   0x34  Code  Gb  temp.o [2]
DHT11_Start              0x800'2e9b   0x2a  Code  Gb  temp.o [2]
DMA1_Stream0_IRQHandler
                         0x800'457d         Code  Wk  startup_stm32f407xx.o [1]
DMA1_Stream1_IRQHandler
                         0x800'4581         Code  Wk  startup_stm32f407xx.o [1]
DMA1_Stream2_IRQHandler
                         0x800'4585         Code  Wk  startup_stm32f407xx.o [1]
DMA1_Stream3_IRQHandler
                         0x800'4589         Code  Wk  startup_stm32f407xx.o [1]
DMA1_Stream4_IRQHandler
                         0x800'458d         Code  Wk  startup_stm32f407xx.o [1]
DMA1_Stream5_IRQHandler
                         0x800'4591         Code  Wk  startup_stm32f407xx.o [1]
DMA1_Stream6_IRQHandler
                         0x800'4595         Code  Wk  startup_stm32f407xx.o [1]
DMA1_Stream7_IRQHandler
                         0x800'4609         Code  Wk  startup_stm32f407xx.o [1]
DMA2_Stream0_IRQHandler
                         0x800'4629         Code  Wk  startup_stm32f407xx.o [1]
DMA2_Stream1_IRQHandler
                         0x800'462d         Code  Wk  startup_stm32f407xx.o [1]
DMA2_Stream2_IRQHandler
                         0x800'4631         Code  Wk  startup_stm32f407xx.o [1]
DMA2_Stream3_IRQHandler
                         0x800'4635         Code  Wk  startup_stm32f407xx.o [1]
DMA2_Stream4_IRQHandler
                         0x800'4639         Code  Wk  startup_stm32f407xx.o [1]
DMA2_Stream5_IRQHandler
                         0x800'4659         Code  Wk  startup_stm32f407xx.o [1]
DMA2_Stream6_IRQHandler
                         0x800'465d         Code  Wk  startup_stm32f407xx.o [1]
DMA2_Stream7_IRQHandler
                         0x800'4661         Code  Wk  startup_stm32f407xx.o [1]
DebugMon_Handler         0x800'4405    0x2  Code  Gb  stm32f4xx_it.o [2]
ETH_IRQHandler           0x800'463d         Code  Wk  startup_stm32f407xx.o [1]
ETH_WKUP_IRQHandler      0x800'4641         Code  Wk  startup_stm32f407xx.o [1]
EXTI0_IRQHandler         0x800'4569         Code  Wk  startup_stm32f407xx.o [1]
EXTI15_10_IRQHandler     0x800'45ed         Code  Wk  startup_stm32f407xx.o [1]
EXTI1_IRQHandler         0x800'456d         Code  Wk  startup_stm32f407xx.o [1]
EXTI2_IRQHandler         0x800'4571         Code  Wk  startup_stm32f407xx.o [1]
EXTI3_IRQHandler         0x800'4575         Code  Wk  startup_stm32f407xx.o [1]
EXTI4_IRQHandler         0x800'4579         Code  Wk  startup_stm32f407xx.o [1]
EXTI9_5_IRQHandler       0x800'45a9         Code  Wk  startup_stm32f407xx.o [1]
Error_Handler            0x800'1dcb    0x4  Code  Gb  main.o [2]
FLASH_IRQHandler         0x800'4561         Code  Wk  startup_stm32f407xx.o [1]
FPU_IRQHandler           0x800'4689         Code  Wk  startup_stm32f407xx.o [1]
FSMC_IRQHandler          0x800'460d         Code  Wk  startup_stm32f407xx.o [1]
Flag                    0x2000'01bc    0x1  Data  Gb  main.o [2]
HAL_CAN_ActivateNotification
                         0x800'1695   0x16  Code  Gb  stm32f4xx_hal_can.o [4]
HAL_CAN_AddTxMessage     0x800'14a5   0xdc  Code  Gb  stm32f4xx_hal_can.o [4]
HAL_CAN_ConfigFilter     0x800'132f   0xc0  Code  Gb  stm32f4xx_hal_can.o [4]
HAL_CAN_ErrorCallback    0x800'1dd7    0x2  Code  Wk  stm32f4xx_hal_can.o [4]
HAL_CAN_GetRxMessage     0x800'1597   0xce  Code  Gb  stm32f4xx_hal_can.o [4]
HAL_CAN_IRQHandler       0x800'16b3  0x1fe  Code  Gb  stm32f4xx_hal_can.o [4]
HAL_CAN_Init             0x800'1239   0xe4  Code  Gb  stm32f4xx_hal_can.o [4]
HAL_CAN_MspInit          0x800'0a07   0x4e  Code  Gb  stm32f4xx_hal_msp.o [2]
HAL_CAN_RxFifo0FullCallback
                         0x800'18bd    0x2  Code  Wk  stm32f4xx_hal_can.o [4]
HAL_CAN_RxFifo0MsgPendingCallback
                         0x800'1903   0x24  Code  Gb  main.o [2]
HAL_CAN_RxFifo1FullCallback
                         0x800'1dcf    0x2  Code  Wk  stm32f4xx_hal_can.o [4]
HAL_CAN_RxFifo1MsgPendingCallback
                         0x800'1dd1    0x2  Code  Wk  stm32f4xx_hal_can.o [4]
HAL_CAN_SleepCallback    0x800'1dd3    0x2  Code  Wk  stm32f4xx_hal_can.o [4]
HAL_CAN_Start            0x800'140f   0x4e  Code  Gb  stm32f4xx_hal_can.o [4]
HAL_CAN_TxMailbox0AbortCallback
                         0x800'18b3    0x2  Code  Wk  stm32f4xx_hal_can.o [4]
HAL_CAN_TxMailbox0CompleteCallback
                         0x800'18b1    0x2  Code  Wk  stm32f4xx_hal_can.o [4]
HAL_CAN_TxMailbox1AbortCallback
                         0x800'18b7    0x2  Code  Wk  stm32f4xx_hal_can.o [4]
HAL_CAN_TxMailbox1CompleteCallback
                         0x800'18b5    0x2  Code  Wk  stm32f4xx_hal_can.o [4]
HAL_CAN_TxMailbox2AbortCallback
                         0x800'18bb    0x2  Code  Wk  stm32f4xx_hal_can.o [4]
HAL_CAN_TxMailbox2CompleteCallback
                         0x800'18b9    0x2  Code  Wk  stm32f4xx_hal_can.o [4]
HAL_CAN_WakeUpFromRxMsgCallback
                         0x800'1dd5    0x2  Code  Wk  stm32f4xx_hal_can.o [4]
HAL_Delay                0x800'2365   0x28  Code  Wk  stm32f4xx_hal.o [4]
HAL_GPIO_Init            0x800'0dbd  0x18c  Code  Gb  stm32f4xx_hal_gpio.o [4]
HAL_GPIO_ReadPin         0x800'0f51    0xc  Code  Gb  stm32f4xx_hal_gpio.o [4]
HAL_GPIO_WritePin        0x800'0f5d    0x8  Code  Gb  stm32f4xx_hal_gpio.o [4]
HAL_GetTick              0x800'0cad    0xc  Code  Wk  stm32f4xx_hal.o [4]
HAL_I2C_Init             0x800'0189  0x150  Code  Gb  stm32f4xx_hal_i2c.o [4]
HAL_I2C_Mem_Read         0x800'0433   0xbe  Code  Gb  stm32f4xx_hal_i2c.o [4]
HAL_I2C_Mem_Write        0x800'0375   0x94  Code  Gb  stm32f4xx_hal_i2c.o [4]
HAL_I2C_MspInit          0x800'0a55   0x3c  Code  Gb  stm32f4xx_hal_msp.o [2]
HAL_IncTick              0x800'4421   0x18  Code  Wk  stm32f4xx_hal.o [4]
HAL_Init                 0x800'1dd9   0x30  Code  Gb  stm32f4xx_hal.o [4]
HAL_InitTick             0x800'1011   0x48  Code  Wk  stm32f4xx_hal.o [4]
HAL_MspInit              0x800'09cd   0x3a  Code  Gb  stm32f4xx_hal_msp.o [2]
HAL_NVIC_EnableIRQ       0x800'0d97    0x2  Code  Gb  stm32f4xx_hal_cortex.o [4]
HAL_NVIC_SetPriority     0x800'0d79   0x1e  Code  Gb  stm32f4xx_hal_cortex.o [4]
HAL_NVIC_SetPriorityGrouping
                         0x800'0d77    0x2  Code  Gb  stm32f4xx_hal_cortex.o [4]
HAL_RCC_ClockConfig      0x800'0b49  0x112  Code  Gb  stm32f4xx_hal_rcc.o [4]
HAL_RCC_GetHCLKFreq      0x800'0c6d    0x6  Code  Gb  stm32f4xx_hal_rcc.o [4]
HAL_RCC_GetPCLK1Freq     0x800'0c73   0x10  Code  Gb  stm32f4xx_hal_rcc.o [4]
HAL_RCC_GetSysClockFreq
                         0x800'0fb1   0x60  Code  Wk  stm32f4xx_hal_rcc.o [4]
HAL_RCC_OscConfig        0x800'2fd5  0x354  Code  Wk  stm32f4xx_hal_rcc.o [4]
HAL_SYSTICK_Config       0x800'0d99    0x2  Code  Gb  stm32f4xx_hal_cortex.o [4]
HAL_TIMEx_BreakCallback
                         0x800'33cd    0x2  Code  Wk  stm32f4xx_hal_tim_ex.o [4]
HAL_TIMEx_CommutCallback
                         0x800'33d1    0x2  Code  Wk  stm32f4xx_hal_tim_ex.o [4]
HAL_TIMEx_MasterConfigSynchronization
                         0x800'3337   0x72  Code  Gb  stm32f4xx_hal_tim_ex.o [4]
HAL_TIM_Base_Init        0x800'238d   0x1a  Code  Gb  stm32f4xx_hal_tim.o [4]
HAL_TIM_Base_MspInit     0x800'0ad7   0x52  Code  Gb  stm32f4xx_hal_msp.o [2]
HAL_TIM_Base_Start       0x800'23a7   0x6c  Code  Gb  stm32f4xx_hal_tim.o [4]
HAL_TIM_Base_Start_IT    0x800'2413   0x78  Code  Gb  stm32f4xx_hal_tim.o [4]
HAL_TIM_IC_CaptureCallback
                         0x800'33c9    0x2  Code  Wk  stm32f4xx_hal_tim.o [4]
HAL_TIM_IRQHandler       0x800'24ed  0x162  Code  Gb  stm32f4xx_hal_tim.o [4]
HAL_TIM_OC_DelayElapsedCallback
                         0x800'33cb    0x2  Code  Wk  stm32f4xx_hal_tim.o [4]
HAL_TIM_PWM_PulseFinishedCallback
                         0x800'33d3    0x2  Code  Wk  stm32f4xx_hal_tim.o [4]
HAL_TIM_PeriodElapsedCallback
                         0x800'18c1   0x42  Code  Gb  main.o [2]
HAL_TIM_TriggerCallback
                         0x800'33cf    0x2  Code  Wk  stm32f4xx_hal_tim.o [4]
HASH_RNG_IRQHandler      0x800'4685         Code  Wk  startup_stm32f407xx.o [1]
HardFault_Handler        0x800'43fb    0x2  Code  Gb  stm32f4xx_it.o [2]
I2C1_ER_IRQHandler       0x800'45cd         Code  Wk  startup_stm32f407xx.o [1]
I2C1_EV_IRQHandler       0x800'45c9         Code  Wk  startup_stm32f407xx.o [1]
I2C2_ER_IRQHandler       0x800'45d5         Code  Wk  startup_stm32f407xx.o [1]
I2C2_EV_IRQHandler       0x800'45d1         Code  Wk  startup_stm32f407xx.o [1]
I2C3_ER_IRQHandler       0x800'466d         Code  Wk  startup_stm32f407xx.o [1]
I2C3_EV_IRQHandler       0x800'4669         Code  Wk  startup_stm32f407xx.o [1]
I2C_IsAcknowledgeFailed
                         0x800'0993   0x3a  Code  Lc  stm32f4xx_hal_i2c.o [4]
I2C_RequestMemoryRead    0x800'0705   0x9e  Code  Lc  stm32f4xx_hal_i2c.o [4]
I2C_RequestMemoryWrite   0x800'0659   0x7e  Code  Lc  stm32f4xx_hal_i2c.o [4]
I2C_WaitOnBTFFlagUntilTimeout
                         0x800'08d9   0x38  Code  Lc  stm32f4xx_hal_i2c.o [4]
I2C_WaitOnFlagUntilTimeout
                         0x800'07b9   0x4c  Code  Lc  stm32f4xx_hal_i2c.o [4]
I2C_WaitOnMasterAddressFlagUntilTimeout
                         0x800'0805   0x60  Code  Lc  stm32f4xx_hal_i2c.o [4]
I2C_WaitOnRXNEFlagUntilTimeout
                         0x800'093d   0x3e  Code  Lc  stm32f4xx_hal_i2c.o [4]
I2C_WaitOnTXEFlagUntilTimeout
                         0x800'08a1   0x38  Code  Lc  stm32f4xx_hal_i2c.o [4]
MX_CAN1_Init             0x800'1bcf   0x2e  Code  Lc  main.o [2]
MX_GPIO_Init             0x800'1cdd   0x56  Code  Lc  main.o [2]
MX_I2C1_Init             0x800'1c3d   0x2c  Code  Lc  main.o [2]
MX_TIM6_Init             0x800'1c69   0x1a  Code  Lc  main.o [2]
MX_TIM7_Init             0x800'1c91   0x1a  Code  Lc  main.o [2]
MemManage_Handler        0x800'43fd    0x2  Code  Gb  stm32f4xx_it.o [2]
NMI_Handler              0x800'43f9    0x2  Code  Gb  stm32f4xx_it.o [2]
NVIC_EncodePriority      0x800'0d0f   0x34  Code  Lc  stm32f4xx_hal_cortex.o [4]
OTG_FS_IRQHandler        0x800'4655         Code  Wk  startup_stm32f407xx.o [1]
OTG_FS_WKUP_IRQHandler   0x800'45f5         Code  Wk  startup_stm32f407xx.o [1]
OTG_HS_EP1_IN_IRQHandler
                         0x800'4675         Code  Wk  startup_stm32f407xx.o [1]
OTG_HS_EP1_OUT_IRQHandler
                         0x800'4671         Code  Wk  startup_stm32f407xx.o [1]
OTG_HS_IRQHandler        0x800'467d         Code  Wk  startup_stm32f407xx.o [1]
OTG_HS_WKUP_IRQHandler   0x800'4679         Code  Wk  startup_stm32f407xx.o [1]
PVD_IRQHandler           0x800'4555         Code  Wk  startup_stm32f407xx.o [1]
PendSV_Handler           0x800'4407    0x2  Code  Gb  stm32f4xx_it.o [2]
Presence                0x2000'01c1    0x1  Data  Gb  temp.o [2]
RCC_IRQHandler           0x800'4565         Code  Wk  startup_stm32f407xx.o [1]
RTC_Alarm_IRQHandler     0x800'45f1         Code  Wk  startup_stm32f407xx.o [1]
RTC_WKUP_IRQHandler      0x800'455d         Code  Wk  startup_stm32f407xx.o [1]
Region$$Table$$Base      0x800'4484          --   Gb  - Linker created -
Region$$Table$$Limit     0x800'44a8          --   Gb  - Linker created -
Reset_Handler            0x800'451d         Code  Wk  startup_stm32f407xx.o [1]
Rh_byte1                0x2000'01bf    0x1  Data  Gb  temp.o [2]
Rh_byte2                0x2000'01c0    0x1  Data  Gb  temp.o [2]
RxData                  0x2000'0190    0x8  Data  Gb  main.o [2]
RxHeader                0x2000'014c   0x1c  Data  Gb  main.o [2]
SDIO_IRQHandler          0x800'4611         Code  Wk  startup_stm32f407xx.o [1]
SPI1_IRQHandler          0x800'45d9         Code  Wk  startup_stm32f407xx.o [1]
SPI2_IRQHandler          0x800'45dd         Code  Wk  startup_stm32f407xx.o [1]
SPI3_IRQHandler          0x800'4619         Code  Wk  startup_stm32f407xx.o [1]
SUM                     0x2000'01ba    0x2  Data  Gb  temp.o [2]
SVC_Handler              0x800'4403    0x2  Code  Gb  stm32f4xx_it.o [2]
Set_PinInput             0x800'2e71   0x10  Code  Gb  temp.o [2]
Set_PinOutput            0x800'2e5d   0x14  Code  Gb  temp.o [2]
SysTick_Config           0x800'0d43   0x34  Code  Lc  stm32f4xx_hal_cortex.o [4]
SysTick_Handler          0x800'4409    0x4  Code  Gb  stm32f4xx_it.o [2]
SystemClock_Config       0x800'1b37   0x98  Code  Gb  main.o [2]
SystemCoreClock         0x2000'0004    0x4  Data  Gb  system_stm32f4xx.o [3]
SystemInit               0x800'452d    0xc  Code  Gb  system_stm32f4xx.o [3]
TAMP_STAMP_IRQHandler    0x800'4559         Code  Wk  startup_stm32f407xx.o [1]
TEMP                    0x2000'01b8    0x2  Data  Gb  temp.o [2]
TIM1_BRK_TIM9_IRQHandler
                         0x800'45ad         Code  Wk  startup_stm32f407xx.o [1]
TIM1_CC_IRQHandler       0x800'45b9         Code  Wk  startup_stm32f407xx.o [1]
TIM1_TRG_COM_TIM11_IRQHandler
                         0x800'45b5         Code  Wk  startup_stm32f407xx.o [1]
TIM1_UP_TIM10_IRQHandler
                         0x800'45b1         Code  Wk  startup_stm32f407xx.o [1]
TIM2_IRQHandler          0x800'45bd         Code  Wk  startup_stm32f407xx.o [1]
TIM3_IRQHandler          0x800'45c1         Code  Wk  startup_stm32f407xx.o [1]
TIM4_IRQHandler          0x800'45c5         Code  Wk  startup_stm32f407xx.o [1]
TIM5_IRQHandler          0x800'4615         Code  Wk  startup_stm32f407xx.o [1]
TIM6_DAC_IRQHandler      0x800'4625         Code  Wk  startup_stm32f407xx.o [1]
TIM7_IRQHandler          0x800'4413    0x6  Code  Gb  stm32f4xx_it.o [2]
TIM8_BRK_TIM12_IRQHandler
                         0x800'45f9         Code  Wk  startup_stm32f407xx.o [1]
TIM8_CC_IRQHandler       0x800'4605         Code  Wk  startup_stm32f407xx.o [1]
TIM8_TRG_COM_TIM14_IRQHandler
                         0x800'4601         Code  Wk  startup_stm32f407xx.o [1]
TIM8_UP_TIM13_IRQHandler
                         0x800'45fd         Code  Wk  startup_stm32f407xx.o [1]
TIM_Base_SetConfig       0x800'265d   0x9e  Code  Gb  stm32f4xx_hal_tim.o [4]
Temp_byte1              0x2000'01bd    0x1  Data  Gb  temp.o [2]
Temp_byte2              0x2000'01be    0x1  Data  Gb  temp.o [2]
Temperature_DHT11       0x2000'0198    0x4  Data  Gb  main.o [2]
TxData                  0x2000'0180    0x8  Data  Gb  main.o [2]
TxData1                 0x2000'0188    0x8  Data  Gb  main.o [2]
TxHeader                0x2000'0168   0x18  Data  Gb  main.o [2]
TxMailbox               0x2000'01b0    0x4  Data  Gb  main.o [2]
UART4_IRQHandler         0x800'461d         Code  Wk  startup_stm32f407xx.o [1]
UART5_IRQHandler         0x800'4621         Code  Wk  startup_stm32f407xx.o [1]
USART1_IRQHandler        0x800'45e1         Code  Wk  startup_stm32f407xx.o [1]
USART2_IRQHandler        0x800'45e5         Code  Wk  startup_stm32f407xx.o [1]
USART3_IRQHandler        0x800'45e9         Code  Wk  startup_stm32f407xx.o [1]
USART6_IRQHandler        0x800'4665         Code  Wk  startup_stm32f407xx.o [1]
UsageFault_Handler       0x800'4401    0x2  Code  Gb  stm32f4xx_it.o [2]
WWDG_IRQHandler          0x800'4551         Code  Wk  startup_stm32f407xx.o [1]
__NVIC_EnableIRQ         0x800'0cdd   0x16  Code  Lc  stm32f4xx_hal_cortex.o [4]
__NVIC_GetPriorityGrouping
                         0x800'0cd3    0xa  Code  Lc  stm32f4xx_hal_cortex.o [4]
__NVIC_SetPriority       0x800'0cf3   0x1c  Code  Lc  stm32f4xx_hal_cortex.o [4]
__NVIC_SetPriorityGrouping
                         0x800'0cb9   0x1a  Code  Lc  stm32f4xx_hal_cortex.o [4]
__aeabi_cdcmpeq          0x800'3a25         Code  Gb  DblCmpEq.o [6]
__aeabi_cdcmple          0x800'3ab5         Code  Gb  DblCmpLe.o [6]
__aeabi_cdrcmple         0x800'3b45         Code  Gb  DblCmpGe.o [6]
__aeabi_d2f              0x800'2de1         Code  Gb  DblToFlt.o [6]
__aeabi_d2iz             0x800'3ae9         Code  Gb  DblToS32.o [6]
__aeabi_dadd             0x800'29d5         Code  Gb  DblAddSub.o [6]
__aeabi_ddiv             0x800'2775         Code  Gb  DblDiv.o [6]
__aeabi_dmul             0x800'2c35         Code  Gb  DblMul.o [6]
__aeabi_dsub             0x800'2b51         Code  Gb  DblAddSub.o [6]
__aeabi_f2d              0x800'272d         Code  Gb  FltToDbl.o [6]
__aeabi_i2d              0x800'3b21         Code  Gb  S32ToDbl.o [6]
__aeabi_ldiv0            0x800'1235         Code  Gb  I64DivZer.o [7]
__aeabi_memset           0x800'1059         Code  Gb  ABImemset.o [7]
__cmain                  0x800'44a9         Code  Gb  cmain.o [7]
__exit                   0x800'44dd   0x14  Code  Gb  exit.o [8]
__iar_Exp64              0x800'3b79  0x284  Code  Gb  iar_Exp64.o [6]
__iar_Memset             0x800'1059         Code  Gb  ABImemset.o [7]
__iar_Memset_word        0x800'1061         Code  Gb  ABImemset.o [7]
__iar_copy_init3         0x800'10bf   0x2a  Code  Gb  copy_init3.o [7]
__iar_data_init3         0x800'4439   0x28  Code  Gb  data_init.o [7]
__iar_frexp              0x800'3a51         Code  Gb  frexp.o [6]
__iar_frexpl             0x800'3a51         Code  Gb  frexp.o [6]
__iar_init_vfp           0x800'4461         Code  Gb  fpinit_M.o [6]
__iar_ldexp64            0x800'3e65         Code  Gb  ldexp.o [6]
__iar_pow64              0x800'33d5  0x650  Code  Gb  pow64.o [6]
__iar_pow_medium         0x800'33d5  0x650  Code  Gb  pow64.o [6]
__iar_pow_medium64       0x800'33d5  0x650  Code  Gb  pow64.o [6]
__iar_pow_mediuml        0x800'33d5  0x650  Code  Gb  pow64.o [6]
__iar_program_start      0x800'44f1         Code  Gb  cstartup_M.o [7]
__iar_scalbln64          0x800'3e65         Code  Gb  ldexp.o [6]
__iar_scalbn64           0x800'3e65         Code  Gb  ldexp.o [6]
__iar_small_ldivmod      0x800'10e9         Code  Gb  I64DivMod_small.o [7]
__iar_small_uldivmod     0x800'112d         Code  Gb  I64DivMod_small.o [7]
__iar_softfp___iar_frexp64
                         0x800'3a45         Code  Gb  frexp.o [6]
__iar_softfp_frexp       0x800'3a45         Code  Gb  frexp.o [6]
__iar_softfp_frexpl      0x800'3a45         Code  Gb  frexp.o [6]
__iar_vfp_pow            0x800'29c3   0x10  Code  Gb  math_wrappers64.o [6]
__iar_zero_init3         0x800'43c1   0x38  Code  Gb  zero_init3.o [7]
__low_level_init         0x800'44c7    0x4  Code  Gb  low_level_init.o [5]
__vector_table           0x800'0000         Data  Gb  startup_stm32f407xx.o [1]
_call_main               0x800'44b5         Code  Gb  cmain.o [7]
_exit                    0x800'44d1         Code  Gb  cexit.o [7]
altitude                0x2000'019c    0x4  Data  Gb  main.o [2]
bmp280                  0x2000'00f0   0x34  Data  Gb  main.o [2]
bmp280_init              0x800'1fc7   0xbc  Code  Gb  BME280_STM32.o [2]
bmp280_init_default_params
                         0x800'1e0d   0x14  Code  Gb  BME280_STM32.o [2]
bmp280_read_fixed        0x800'227d   0x94  Code  Gb  BME280_STM32.o [2]
bmp280_read_float        0x800'2311   0x4c  Code  Gb  BME280_STM32.o [2]
compensate_humidity      0x800'2211   0x6c  Code  Lc  BME280_STM32.o [2]
compensate_pressure      0x800'20c1  0x140  Code  Lc  BME280_STM32.o [2]
compensate_temperature   0x800'2087   0x3a  Code  Lc  BME280_STM32.o [2]
delay                    0x800'2e49   0x14  Code  Gb  temp.o [2]
exit                     0x800'44cb    0x4  Code  Gb  exit.o [5]
hcan1                   0x2000'0124   0x28  Data  Gb  main.o [2]
hi2c1                   0x2000'000c   0x54  Data  Gb  main.o [2]
htim6                   0x2000'0060   0x48  Data  Gb  main.o [2]
htim7                   0x2000'00a8   0x48  Data  Gb  main.o [2]
humidity                0x2000'01ac    0x4  Data  Gb  main.o [2]
ldexp                    0x800'3e65         Code  Gb  ldexp.o [6]
ldexpl                   0x800'3e65         Code  Gb  ldexp.o [6]
lnbias                   0x800'3fa0  0x420  Data  Lc  pow64.o [6]
main                     0x800'1929  0x1d8  Code  Gb  main.o [2]
memset                   0x800'0f9d   0x14  Code  Gb  memset.o [7]
p                       0x2000'01a4    0x4  Data  Gb  main.o [2]
pow                      0x800'33d5  0x650  Code  Gb  pow64.o [6]
powl                     0x800'33d5  0x650  Code  Gb  pow64.o [6]
pressure                0x2000'01a0    0x4  Data  Gb  main.o [2]
read_calibration_data    0x800'1e7f   0x9c  Code  Lc  BME280_STM32.o [2]
read_data                0x800'1e55   0x1a  Code  Lc  BME280_STM32.o [2]
read_hum_calibration_data
                         0x800'1f1b   0x7e  Code  Lc  BME280_STM32.o [2]
read_register16          0x800'1e21   0x34  Code  Lc  BME280_STM32.o [2]
scalbln                  0x800'3e65         Code  Gb  ldexp.o [6]
scalblnl                 0x800'3e65         Code  Gb  ldexp.o [6]
scalbn                   0x800'3e65         Code  Gb  ldexp.o [6]
scalbnl                  0x800'3e65         Code  Gb  ldexp.o [6]
temperature             0x2000'01a8    0x4  Data  Gb  main.o [2]
uwTick                  0x2000'01b4    0x4  Data  Gb  stm32f4xx_hal.o [4]
uwTickFreq              0x2000'0008    0x1  Data  Gb  stm32f4xx_hal.o [4]
uwTickPrio              0x2000'0000    0x4  Data  Gb  stm32f4xx_hal.o [4]
write_register8          0x800'1f9d   0x2a  Code  Lc  BME280_STM32.o [2]


[1] = C:\Users\Duy Du\Desktop\Code DATN\CAN_Node1_f4_27_11\EWARM\CAN_Node1_f4_27_11\Obj\Application\EWARM
[2] = C:\Users\Duy Du\Desktop\Code DATN\CAN_Node1_f4_27_11\EWARM\CAN_Node1_f4_27_11\Obj\Application\User\Core
[3] = C:\Users\Duy Du\Desktop\Code DATN\CAN_Node1_f4_27_11\EWARM\CAN_Node1_f4_27_11\Obj\Drivers\CMSIS
[4] = C:\Users\Duy Du\Desktop\Code DATN\CAN_Node1_f4_27_11\EWARM\CAN_Node1_f4_27_11\Obj\Drivers\STM32F4xx_HAL_Driver
[5] = dl7M_tln.a
[6] = m7M_tls.a
[7] = rt7M_tl.a
[8] = shb_l.a

  16'928 bytes of readonly  code memory
   1'132 bytes of readonly  data memory
   1'471 bytes of readwrite data memory

Errors: none
Warnings: none
